Component: ARM Compiler 5.06 update 6 (build 750) Tool: armlink [4d35ed]

==============================================================================

Section Cross References

    application.o(i.rt_application_init) refers to thread.o(i.rt_thread_create) for rt_thread_create
    application.o(i.rt_application_init) refers to thread.o(i.rt_thread_startup) for rt_thread_startup
    application.o(i.rt_application_init) refers to base_task.o(i.normal_routine) for normal_routine
    application.o(i.rt_application_init) refers to uart.o(i.communication_task) for communication_task
    application.o(i.rt_application_init) refers to application.o(i.rt_init_thread_entry) for rt_init_thread_entry
    application.o(i.rt_init_thread_entry) refers to ethernetif.o(i.eth_system_device_init) for eth_system_device_init
    application.o(i.rt_init_thread_entry) refers to thread.o(i.rt_thread_delay) for rt_thread_delay
    application.o(i.rt_init_thread_entry) refers to eth_driver.o(i.fm3_emac_hw_init) for fm3_emac_hw_init
    application.o(i.rt_init_thread_entry) refers to device.o(i.rt_device_init_all) for rt_device_init_all
    application.o(i.rt_init_thread_entry) refers to sys_arch.o(i.lwip_sys_init) for lwip_sys_init
    application.o(i.rt_init_thread_entry) refers to kservice.o(i.rt_kprintf) for rt_kprintf
    application.o(i.rt_init_thread_entry) refers to ethernetif.o(i.set_if_h) for set_if_h
    application.o(i.rt_init_thread_entry) refers to eth_server103.o(i.eth_server103) for eth_server103
    application.o(i.rt_init_thread_entry) refers to tcp_debug.o(i.eth_server_debug) for eth_server_debug
    application.o(i.rt_init_thread_entry) refers to base_task.o(.bss) for ethpara
    application.o(i.rt_init_thread_entry) refers to base_task.o(.data) for eth_IP1
    base_task.o(i.crc_calculate) refers to kservice.o(i.rt_kprintf) for rt_kprintf
    base_task.o(i.crc_calculate) refers to crc.o(i.crc32) for crc32
    base_task.o(i.crc_calculate) refers to base_task.o(.data) for DEVICE_CRC
    base_task.o(i.normal_routine) refers to ipc.o(i.rt_mb_init) for rt_mb_init
    base_task.o(i.normal_routine) refers to kservice.o(i.rt_kprintf) for rt_kprintf
    base_task.o(i.normal_routine) refers to thread.o(i.rt_thread_create) for rt_thread_create
    base_task.o(i.normal_routine) refers to thread.o(i.rt_thread_startup) for rt_thread_startup
    base_task.o(i.normal_routine) refers to base_task.o(.bss) for mb_pool
    base_task.o(i.normal_routine) refers to base_task.o(i.rtdb_work_thread_entry) for rtdb_work_thread_entry
    base_task.o(i.normal_routine) refers to base_task.o(i.normal_work_thread_entry) for normal_work_thread_entry
    base_task.o(i.normal_routine) refers to base_task.o(i.save_data_thread_entry) for save_data_thread_entry
    base_task.o(i.normal_work_thread_entry) refers to sram_value.o(i.init_sram) for init_sram
    base_task.o(i.normal_work_thread_entry) refers to e2timewdg.o(i.Kick_WatchDog) for Kick_WatchDog
    base_task.o(i.normal_work_thread_entry) refers to e2timewdg.o(i.set_rtc) for set_rtc
    base_task.o(i.normal_work_thread_entry) refers to thread.o(i.rt_thread_delay) for rt_thread_delay
    base_task.o(i.rtdb_work_thread_entry) refers to thread.o(i.rt_thread_delay) for rt_thread_delay
    base_task.o(i.run_init) refers to e2timewdg.o(i.I2C_Read_nbyte) for I2C_Read_nbyte
    base_task.o(i.run_init) refers to e2timewdg.o(i.delay) for delay
    base_task.o(i.run_init) refers to e2timewdg.o(i.get_rtc) for get_rtc
    base_task.o(i.run_init) refers to e2timewdg.o(i.I2C_Write_nByte) for I2C_Write_nByte
    base_task.o(i.run_init) refers to kservice.o(i.rt_kprintf) for rt_kprintf
    base_task.o(i.run_init) refers to base_task.o(i.NVIC_SystemReset) for NVIC_SystemReset
    base_task.o(i.run_init) refers to base_task.o(.data) for sysconfflg
    base_task.o(i.run_init) refers to base_task.o(.bss) for ethpara
    base_task.o(i.save_data_thread_entry) refers to ipc.o(i.rt_mb_recv) for rt_mb_recv
    base_task.o(i.save_data_thread_entry) refers to kservice.o(i.rt_kprintf) for rt_kprintf
    base_task.o(i.save_data_thread_entry) refers to e2timewdg.o(i.I2C_Write_nByte) for I2C_Write_nByte
    base_task.o(i.save_data_thread_entry) refers to thread.o(i.rt_thread_delay) for rt_thread_delay
    base_task.o(i.save_data_thread_entry) refers to base_task.o(i.NVIC_SystemReset) for NVIC_SystemReset
    base_task.o(i.save_data_thread_entry) refers to base_task.o(.bss) for mb
    base_task.o(i.save_data_thread_entry) refers to base_task.o(.data) for uartpara
    base_task.o(i.save_data_thread_entry) refers to e2timewdg.o(.data) for dma_status
    eth_callee.o(i.GetARMSysConfigValue) refers to eth_callee.o(.data) for setqht0
    eth_callee.o(i.OP_DealRealAddr) refers to base_task.o(.data) for uartpara
    eth_callee.o(i.OP_DealRealAddr) refers to base_task.o(.bss) for uart_status
    eth_callee.o(i.OP_DetachLink) refers to eth_callee.o(.bss) for linkInfo
[...]
    0x00006f90   0x00006f90   0x0000038c   Code   RO         6725    i.OP_call           finsh_ops.o
    0x0000731c   0x0000731c   0x00000030   Code   RO         6726    i.OP_div_byte       finsh_ops.o
    0x0000734c   0x0000734c   0x00000030   Code   RO         6727    i.OP_div_dword      finsh_ops.o
    0x0000737c   0x0000737c   0x00000034   Code   RO         6728    i.OP_div_word       finsh_ops.o
    0x000073b0   0x000073b0   0x0000002c   Code   RO         6729    i.OP_ld_byte        finsh_ops.o
    0x000073dc   0x000073dc   0x00000048   Code   RO         6730    i.OP_ld_dword       finsh_ops.o
    0x00007424   0x00007424   0x0000004c   Code   RO         6731    i.OP_ld_value_byte  finsh_ops.o
    0x00007470   0x00007470   0x00000018   Code   RO         6732    i.OP_ld_value_byte_stack  finsh_ops.o
    0x00007488   0x00007488   0x0000004c   Code   RO         6733    i.OP_ld_value_dword  finsh_ops.o
    0x000074d4   0x000074d4   0x00000018   Code   RO         6734    i.OP_ld_value_dword_stack  finsh_ops.o
    0x000074ec   0x000074ec   0x0000004c   Code   RO         6735    i.OP_ld_value_word  finsh_ops.o
    0x00007538   0x00007538   0x00000018   Code   RO         6736    i.OP_ld_value_word_stack  finsh_ops.o
    0x00007550   0x00007550   0x00000038   Code   RO         6737    i.OP_ld_word        finsh_ops.o
    0x00007588   0x00007588   0x00000034   Code   RO         6738    i.OP_mod_byte       finsh_ops.o
    0x000075bc   0x000075bc   0x00000034   Code   RO         6739    i.OP_mod_dword      finsh_ops.o
    0x000075f0   0x000075f0   0x00000034   Code   RO         6740    i.OP_mod_word       finsh_ops.o
    0x00007624   0x00007624   0x00000030   Code   RO         6741    i.OP_mul_byte       finsh_ops.o
    0x00007654   0x00007654   0x00000030   Code   RO         6742    i.OP_mul_dword      finsh_ops.o
    0x00007684   0x00007684   0x00000030   Code   RO         6743    i.OP_mul_word       finsh_ops.o
    0x000076b4   0x000076b4   0x00000002   Code   RO         6744    i.OP_no_op          finsh_ops.o
    0x000076b6   0x000076b6   0x00000002   PAD
    0x000076b8   0x000076b8   0x00000030   Code   RO         6745    i.OP_or_byte        finsh_ops.o
    0x000076e8   0x000076e8   0x00000030   Code   RO         6746    i.OP_or_dword       finsh_ops.o
    0x00007718   0x00007718   0x00000030   Code   RO         6747    i.OP_or_word        finsh_ops.o
    0x00007748   0x00007748   0x00000010   Code   RO         6748    i.OP_pop            finsh_ops.o
    0x00007758   0x00007758   0x00000030   Code   RO         6749    i.OP_shl_byte       finsh_ops.o
    0x00007788   0x00007788   0x00000030   Code   RO         6750    i.OP_shl_dword      finsh_ops.o
    0x000077b8   0x000077b8   0x00000030   Code   RO         6751    i.OP_shl_word       finsh_ops.o
    0x000077e8   0x000077e8   0x00000030   Code   RO         6752    i.OP_shr_byte       finsh_ops.o
    0x00007818   0x00007818   0x00000030   Code   RO         6753    i.OP_shr_dword      finsh_ops.o
    0x00007848   0x00007848   0x00000030   Code   RO         6754    i.OP_shr_word       finsh_ops.o
    0x00007878   0x00007878   0x00000024   Code   RO         6755    i.OP_st_byte        finsh_ops.o
    0x0000789c   0x0000789c   0x00000024   Code   RO         6756    i.OP_st_dword       finsh_ops.o
    0x000078c0   0x000078c0   0x00000024   Code   RO         6757    i.OP_st_word        finsh_ops.o
    0x000078e4   0x000078e4   0x00000030   Code   RO         6758    i.OP_sub_byte       finsh_ops.o
    0x00007914   0x00007914   0x00000030   Code   RO         6759    i.OP_sub_dword      finsh_ops.o
    0x00007944   0x00007944   0x00000030   Code   RO         6760    i.OP_sub_word       finsh_ops.o
    0x00007974   0x00007974   0x00000030   Code   RO         6761    i.OP_xor_byte       finsh_ops.o
    0x000079a4   0x000079a4   0x00000030   Code   RO         6762    i.OP_xor_dword      finsh_ops.o
    0x000079d4   0x000079d4   0x00000030   Code   RO         6763    i.OP_xor_word       finsh_ops.o
    0x00007a04   0x00007a04   0x00000080   Code   RO          551    i.ProcessAsdu05     eth_server103.o
    0x00007a84   0x00007a84   0x000000a0   Code   RO          552    i.ProcessAsdu06     eth_server103.o
    0x00007b24   0x00007b24   0x000002ec   Code   RO          553    i.ProcessAsdu07     eth_server103.o
    0x00007e10   0x00007e10   0x000000cc   Code   RO          554    i.ProcessAsdu100    eth_server103.o
    0x00007edc   0x00007edc   0x00000116   Code   RO          555    i.ProcessAsdu101    eth_server103.o
    0x00007ff2   0x00007ff2   0x000000d8   Code   RO          556    i.ProcessAsdu102    eth_server103.o
    0x000080ca   0x000080ca   0x00000002   PAD
    0x000080cc   0x000080cc   0x000000ac   Code   RO          557    i.ProcessAsdu103    eth_server103.o
    0x00008178   0x00008178   0x000000fa   Code   RO          558    i.ProcessAsdu20     eth_server103.o
    0x00008272   0x00008272   0x0000000e   Code   RO          559    i.ProcessAsdu23     eth_server103.o
    0x00008280   0x00008280   0x00000160   Code   RO          560    i.ProcessAsdu46     eth_server103.o
    0x000083e0   0x000083e0   0x0000011c   Code   RO          561    i.ProcessAsdu49     eth_server103.o
    0x000084fc   0x000084fc   0x00000194   Code   RO          562    i.ProcessAsdu61     eth_server103.o
    0x00008690   0x00008690   0x0000000c   Code   RO          563    i.ProcessAsdu62     eth_server103.o
    0x0000869c   0x0000869c   0x000000c8   Code   RO          564    i.ProcessAsdu64     eth_server103.o
    0x00008764   0x00008764   0x00000120   Code   RO          565    i.ProcessAsdu88     eth_server103.o
    0x00008884   0x00008884   0x00000020   Code   RO          566    i.ProcessAsduNoACK  eth_server103.o
    0x000088a4   0x000088a4   0x0000021c   Code   RO          567    i.ProcessAutoAction_103  eth_server103.o
    0x00008ac0   0x00008ac0   0x00000200   Code   RO          568    i.ProcessAutoAction_104  eth_server103.o
    0x00008cc0   0x00008cc0   0x00000258   Code   RO          569    i.ProcessAutoDIEvent_103  eth_server103.o
    0x00008f18   0x00008f18   0x00000112   Code   RO          570    i.ProcessAutoDIEvent_104  eth_server103.o
    0x0000902a   0x0000902a   0x00000002   PAD
    0x0000902c   0x0000902c   0x000000dc   Code   RO          573    i.ProcessAutoWarning_103  eth_server103.o
    0x00009108   0x00009108   0x000000fc   Code   RO          574    i.ProcessAutoWarning_104  eth_server103.o
    0x00009204   0x00009204   0x00000162   Code   RO          575    i.ProcessDeviceState  eth_server103.o
    0x00009366   0x00009366   0x000000ca   Code   RO          576    i.ProcessSOE        eth_server103.o
    0x00009430   0x00009430   0x0000018c   Code   RO          577    i.ProcessSendYC     eth_server103.o
    0x000095bc   0x000095bc   0x00002544   Code   RO         1433    i.Receive_Commdata_Proce_0  modbus600.o
    0x0000bb00   0x0000bb00   0x00002544   Code   RO         1640    i.Receive_Commdata_Proce_1  modbus611.o
    0x0000e044   0x0000e044   0x00002544   Code   RO         1732    i.Receive_Commdata_Proce_2  modbushfna2s.o
    0x00010588   0x00010588   0x00000002   Code   RO         1695    i.Receive_Commdata_Proce_3  nouse_protocol.o
    0x0001058a   0x0001058a   0x00000002   Code   RO         1696    i.Receive_Commdata_Proce_4  nouse_protocol.o
    0x0001058c   0x0001058c   0x0000040c   Code   RO         1260    i.RtdbProcess       rtdboperate.o
    0x00010998   0x00010998   0x00000014   Code   RO         4430    i.SysTick_Handler   board.o
    0x000109ac   0x000109ac   0x00000100   Code   RO         1792    i.SystemInit        system_mb9bf61x.o
    0x00010aac   0x00010aac   0x0000035c   Code   RO          579    i.TCP104CommuTsk    eth_server103.o
    0x00010e08   0x00010e08   0x00000588   Code   RO         1304    i.UpdataSearchTsk   tcp_debug.o
    0x00011390   0x00011390   0x0000008c   Code   RO         6332    i._list_device      cmd.o
    0x0001141c   0x0001141c   0x000000d0   Code   RO         6333    i._list_event       cmd.o
    0x000114ec   0x000114ec   0x000000e0   Code   RO         6334    i._list_mailbox     cmd.o
    0x000115cc   0x000115cc   0x000000f0   Code   RO         6335    i._list_mempool     cmd.o
    0x000116bc   0x000116bc   0x000000d0   Code   RO         6336    i._list_msgqueue    cmd.o
    0x0001178c   0x0001178c   0x000000a0   Code   RO         6337    i._list_mutex       cmd.o
    0x0001182c   0x0001182c   0x000000cc   Code   RO         6338    i._list_sem         cmd.o
    0x000118f8   0x000118f8   0x000000f8   Code   RO         6339    i._list_thread      cmd.o
    0x000119f0   0x000119f0   0x000000f4   Code   RO         6340    i._list_timer       cmd.o
    0x00011ae4   0x00011ae4   0x00000024   Code   RO         5615    i._rt_errno         kservice.o
    0x00011b08   0x00011b08   0x000000f0   Code   RO         6029    i._rt_scheduler_stack_check  scheduler.o
    0x00011bf8   0x00011bf8   0x000000ec   Code   RO         6102    i._rt_thread_init   thread.o
    0x00011ce4   0x00011ce4   0x00000032   Code   RO         6217    i._rt_timer_init    timer.o
    0x00011d16   0x00011d16   0x00000082   Code   RO         2013    i.accept_function   api_msg.o
    0x00011d98   0x00011d98   0x00000018   Code   RO         1305    i.addframeheader    tcp_debug.o
    0x00011db0   0x00011db0   0x000000ac   Code   RO         2400    i.alloc_socket      sockets.o
    0x00011e5c   0x00011e5c   0x00000020   Code   RO         3862    i.arp_timer         timers.o
    0x00011e7c   0x00011e7c   0x00000024   Code   RO         1434    i.arry_compa        modbus600.o
    0x00011ea0   0x00011ea0   0x00000046   Code   RO         1569    i.asc2bcd           cmcfgfunc.o
    0x00011ee6   0x00011ee6   0x00000002   PAD
    0x00011ee8   0x00011ee8   0x00000308   Code   RO          580    i.centralProcess    eth_server103.o
    0x000121f0   0x000121f0   0x000001bc   Code   RO          581    i.centralRecv       eth_server103.o
    0x000123ac   0x000123ac   0x000001c8   Code   RO          582    i.centralSend       eth_server103.o
    0x00012574   0x00012574   0x00000058   Code   RO          583    i.clearTask         eth_server103.o
    0x000125cc   0x000125cc   0x0000027c   Code   RO          896    i.communication_task  uart.o
    0x00012848   0x00012848   0x00000038   Code   RO         1518    i.crc16             crc.o
    0x00012880   0x00012880   0x0000001a   Code   RO         1435    i.datacopy          modbus600.o
    0x0001289a   0x0001289a   0x0000001a   Code   RO         1436    i.datacopy_8        modbus600.o
    0x000128b4   0x000128b4   0x00000080   Code   RO         1308    i.debug_buf_read    tcp_debug.o
    0x00012934   0x00012934   0x000000d4   Code   RO         1309    i.debug_buf_write   tcp_debug.o
    0x00012a08   0x00012a08   0x0000007c   Code   RO         1310    i.debug_recv_ready  tcp_debug.o
    0x00012a84   0x00012a84   0x00000068   Code   RO         1311    i.debug_send_ready  tcp_debug.o
    0x00012aec   0x00012aec   0x0000000e   Code   RO         1143    i.delay             e2timewdg.o
    0x00012afa   0x00012afa   0x00000016   Code   RO         2950    i.dns_check_entries  dns.o
    0x00012b10   0x00012b10   0x00000188   Code   RO         2951    i.dns_check_entry   dns.o
    0x00012c98   0x00012c98   0x0000003c   Code   RO         2952    i.dns_compare_name  dns.o
    0x00012cd4   0x00012cd4   0x0000001c   Code   RO         2955    i.dns_getserver     dns.o
    0x00012cf0   0x00012cf0   0x00000078   Code   RO         2956    i.dns_init          dns.o
    0x00012d68   0x00012d68   0x0000002a   Code   RO         2958    i.dns_parse_name    dns.o
    0x00012d92   0x00012d92   0x00000002   PAD
    0x00012d94   0x00012d94   0x00000188   Code   RO         2959    i.dns_recv          dns.o
    0x00012f1c   0x00012f1c   0x000001c0   Code   RO         2960    i.dns_send          dns.o
    0x000130dc   0x000130dc   0x00000024   Code   RO         2961    i.dns_setserver     dns.o
    0x00013100   0x00013100   0x00000020   Code   RO         3863    i.dns_timer         timers.o
    0x00013120   0x00013120   0x00000018   Code   RO         2962    i.dns_tmr           dns.o
    0x00013138   0x00013138   0x00000074   Code   RO         2014    i.do_bind           api_msg.o
    0x000131ac   0x000131ac   0x00000114   Code   RO         2015    i.do_close          api_msg.o
    0x000132c0   0x000132c0   0x00000290   Code   RO         2016    i.do_close_internal  api_msg.o
    0x00013550   0x00013550   0x000001a8   Code   RO         2019    i.do_delconn        api_msg.o
    0x000136f8   0x000136f8   0x00000104   Code   RO         2022    i.do_getaddr        api_msg.o
    0x000137fc   0x000137fc   0x000000c8   Code   RO         2024    i.do_listen         api_msg.o
    0x000138c4   0x000138c4   0x00000024   Code   RO         2344    i.do_netifapi_netif_common  netifapi.o
    0x000138e8   0x000138e8   0x0000001a   Code   RO         2345    i.do_netifapi_netif_set_addr  netifapi.o
    0x00013902   0x00013902   0x00000020   Code   RO         2025    i.do_newconn        api_msg.o
    0x00013922   0x00013922   0x00000048   Code   RO         2026    i.do_recv           api_msg.o
    0x0001396a   0x0001396a   0x000000a6   Code   RO         2027    i.do_send           api_msg.o
    0x00013a10   0x00013a10   0x000000f8   Code   RO         2028    i.do_write          api_msg.o
    0x00013b08   0x00013b08   0x000002c0   Code   RO         2029    i.do_writemore      api_msg.o
    0x00013dc8   0x00013dc8   0x00000038   Code   RO         4928    i.eint_handler      fm3_ext_int_type2.o
    0x00013e00   0x00013e00   0x00000174   Code   RO         2030    i.err_tcp           api_msg.o
    0x00013f74   0x00013f74   0x000000bc   Code   RO         4640    i.eth_desc_dump     eth_driver.o
    0x00014030   0x00014030   0x00000014   Code   RO         4269    i.eth_device_init   ethernetif.o
    0x00014044   0x00014044   0x000000a4   Code   RO         4270    i.eth_device_init_with_flag  ethernetif.o
    0x000140e8   0x000140e8   0x00000088   Code   RO         4271    i.eth_device_linkchange  ethernetif.o
    0x00014170   0x00014170   0x0000001c   Code   RO         4272    i.eth_device_ready  ethernetif.o
    0x0001418c   0x0001418c   0x00000030   Code   RO         4641    i.eth_dump          eth_driver.o
    0x000141bc   0x000141bc   0x000000fc   Code   RO         4273    i.eth_rx_thread_entry  ethernetif.o
    0x000142b8   0x000142b8   0x00000068   Code   RO          584    i.eth_server103     eth_server103.o
    0x00014320   0x00014320   0x0000006c   Code   RO         1313    i.eth_server_debug  tcp_debug.o
    0x0001438c   0x0001438c   0x000001b0   Code   RO         4274    i.eth_system_device_init  ethernetif.o
    0x0001453c   0x0001453c   0x000000f0   Code   RO         4275    i.eth_tx_thread_entry  ethernetif.o
    0x0001462c   0x0001462c   0x00000194   Code   RO         4183    i.etharp_arp_input  etharp.o
    0x000147c0   0x000147c0   0x00000100   Code   RO         4185    i.etharp_output     etharp.o
    0x000148c0   0x000148c0   0x00000268   Code   RO         4186    i.etharp_query      etharp.o
    0x00014b28   0x00014b28   0x00000148   Code   RO         4187    i.etharp_raw        etharp.o
    0x00014c70   0x00014c70   0x00000030   Code   RO         4188    i.etharp_request    etharp.o
    0x00014ca0   0x00014ca0   0x00000080   Code   RO         4189    i.etharp_send_ip    etharp.o
    0x00014d20   0x00014d20   0x00000064   Code   RO         4190    i.etharp_tmr        etharp.o
    0x00014d84   0x00014d84   0x000000dc   Code   RO         4191    i.ethernet_input    etharp.o
    0x00014e60   0x00014e60   0x0000002c   Code   RO         4276    i.ethernetif_linkoutput  ethernetif.o
    0x00014e8c   0x00014e8c   0x000001b4   Code   RO         2401    i.event_callback    sockets.o
    0x00015040   0x00015040   0x00000030   Code   RO          585    i.exitTask          eth_server103.o
    0x00015070   0x00015070   0x0000029c   Code   RO         4192    i.find_entry        etharp.o
    0x0001530c   0x0001530c   0x00000030   Code   RO         7304    i.finsh_auto_complete  shell.o
    0x0001533c   0x0001533c   0x0000003e   Code   RO         6570    i.finsh_block_insert  finsh_heap.o
    0x0001537a   0x0001537a   0x0000007c   Code   RO         6571    i.finsh_block_merge  finsh_heap.o
    0x000153f6   0x000153f6   0x0000002e   Code   RO         6572    i.finsh_block_remove  finsh_heap.o
    0x00015424   0x00015424   0x00000018   Code   RO         6573    i.finsh_block_split  finsh_heap.o
    0x0001543c   0x0001543c   0x00001634   Code   RO         6489    i.finsh_compile     finsh_compiler.o
    0x00016a70   0x00016a70   0x00000068   Code   RO         6490    i.finsh_compiler_run  finsh_compiler.o
    0x00016ad8   0x00016ad8   0x0000000c   Code   RO         6536    i.finsh_errno       finsh_error.o
    0x00016ae4   0x00016ae4   0x0000000c   Code   RO         6537    i.finsh_error_init  finsh_error.o
    0x00016af0   0x00016af0   0x00000010   Code   RO         6538    i.finsh_error_set   finsh_error.o
    0x00016b00   0x00016b00   0x00000010   Code   RO         6539    i.finsh_error_string  finsh_error.o
    0x00016b10   0x00016b10   0x00000016   Code   RO         6623    i.finsh_flush       finsh_init.o
    0x00016b26   0x00016b26   0x00000002   PAD
    0x00016b28   0x00016b28   0x00000138   Code   RO         7307    i.finsh_handle_history  shell.o
    0x00016c60   0x00016c60   0x00000074   Code   RO         6574    i.finsh_heap_allocate  finsh_heap.o
    0x00016cd4   0x00016cd4   0x0000002c   Code   RO         6575    i.finsh_heap_free   finsh_heap.o
    0x00016d00   0x00016d00   0x00000058   Code   RO         6576    i.finsh_heap_gc     finsh_heap.o
    0x00016d58   0x00016d58   0x00000030   Code   RO         6577    i.finsh_heap_init   finsh_heap.o
    0x00016d88   0x00016d88   0x0000001e   Code   RO         6624    i.finsh_init        finsh_init.o
    0x00016da6   0x00016da6   0x00000002   PAD
    0x00016da8   0x00016da8   0x0000003c   Code   RO         6659    i.finsh_node_allocate  finsh_node.o
    0x00016de4   0x00016de4   0x00000014   Code   RO         6660    i.finsh_node_init   finsh_node.o
    0x00016df8   0x00016df8   0x0000001e   Code   RO         6661    i.finsh_node_new_char  finsh_node.o
    0x00016e16   0x00016e16   0x00000076   Code   RO         6662    i.finsh_node_new_id  finsh_node.o
    0x00016e8c   0x00016e8c   0x0000001e   Code   RO         6663    i.finsh_node_new_int  finsh_node.o
    0x00016eaa   0x00016eaa   0x0000001e   Code   RO         6664    i.finsh_node_new_long  finsh_node.o
    0x00016ec8   0x00016ec8   0x0000001e   Code   RO         6665    i.finsh_node_new_ptr  finsh_node.o
    0x00016ee6   0x00016ee6   0x0000004a   Code   RO         6666    i.finsh_node_new_string  finsh_node.o
    0x00016f30   0x00016f30   0x00000010   Code   RO         7016    i.finsh_parser_init  finsh_parser.o
    0x00016f40   0x00016f40   0x000000d2   Code   RO         7017    i.finsh_parser_run  finsh_parser.o
    0x00017012   0x00017012   0x000000b2   Code   RO         7308    i.finsh_push_history  shell.o
    0x000170c4   0x000170c4   0x000000c4   Code   RO         7309    i.finsh_run_line    shell.o
    0x00017188   0x00017188   0x00000070   Code   RO         7310    i.finsh_rx_ind      shell.o
    0x000171f8   0x000171f8   0x000000d0   Code   RO         7311    i.finsh_set_device  shell.o
    0x000172c8   0x000172c8   0x0000000c   Code   RO         6626    i.finsh_stack_bottom  finsh_init.o
    0x000172d4   0x000172d4   0x0000005c   Code   RO         7264    i.finsh_syscall_lookup  finsh_vm.o
    0x00017330   0x00017330   0x00000014   Code   RO         7313    i.finsh_system_function_init  shell.o
    0x00017344   0x00017344   0x000000bc   Code   RO         7314    i.finsh_system_init  shell.o
    0x00017400   0x00017400   0x00000014   Code   RO         7315    i.finsh_system_var_init  shell.o
    0x00017414   0x00017414   0x0000005c   Code   RO         7211    i.finsh_sysvar_lookup  finsh_var.o
    0x00017470   0x00017470   0x0000022c   Code   RO         7316    i.finsh_thread_entry  shell.o
    0x0001769c   0x0001769c   0x00000014   Code   RO         7128    i.finsh_token_init  finsh_token.o
    0x000176b0   0x000176b0   0x00000018   Code   RO         7129    i.finsh_token_token  finsh_token.o
    0x000176c8   0x000176c8   0x0000015e   Code   RO         6491    i.finsh_type_check  finsh_compiler.o
    0x00017826   0x00017826   0x00000002   PAD
    0x00017828   0x00017828   0x00000014   Code   RO         7213    i.finsh_var_init    finsh_var.o
    0x0001783c   0x0001783c   0x00000078   Code   RO         7214    i.finsh_var_insert  finsh_var.o
    0x000178b4   0x000178b4   0x00000040   Code   RO         7215    i.finsh_var_lookup  finsh_var.o
    0x000178f4   0x000178f4   0x00000054   Code   RO         7265    i.finsh_vm_run      finsh_vm.o
    0x00017948   0x00017948   0x00000038   Code   RO         4929    i.fm3_eint_disable  fm3_ext_int_type2.o
    0x00017980   0x00017980   0x00000070   Code   RO         4930    i.fm3_eint_enable   fm3_ext_int_type2.o
    0x000179f0   0x000179f0   0x00000028   Code   RO         4931    i.fm3_eint_init     fm3_ext_int_type2.o
    0x00017a18   0x00017a18   0x0000001c   Code   RO         4932    i.fm3_eint_install  fm3_ext_int_type2.o
    0x00017a34   0x00017a34   0x0000005c   Code   RO         4933    i.fm3_eint_pin_select  fm3_ext_int_type2.o
    0x00017a90   0x00017a90   0x00000048   Code   RO         4934    i.fm3_eint_trigger_config  fm3_ext_int_type2.o
    0x00017ad8   0x00017ad8   0x00000006   Code   RO         4642    i.fm3_emac_close    eth_driver.o
    0x00017ade   0x00017ade   0x0000002a   Code   RO         4643    i.fm3_emac_control  eth_driver.o
    0x00017b08   0x00017b08   0x000001cc   Code   RO         4644    i.fm3_emac_hw_init  eth_driver.o
    0x00017cd4   0x00017cd4   0x0000015c   Code   RO         4645    i.fm3_emac_init     eth_driver.o
    0x00017e30   0x00017e30   0x00000006   Code   RO         4646    i.fm3_emac_open     eth_driver.o
    0x00017e36   0x00017e36   0x0000001a   Code   RO         4647    i.fm3_emac_read     eth_driver.o
    0x00017e50   0x00017e50   0x00000140   Code   RO         4648    i.fm3_emac_rx       eth_driver.o
    0x00017f90   0x00017f90   0x00000270   Code   RO         4649    i.fm3_emac_tx       eth_driver.o
    0x00018200   0x00018200   0x0000001a   Code   RO         4650    i.fm3_emac_write    eth_driver.o
    0x0001821a   0x0001821a   0x00000002   PAD
    0x0001821c   0x0001821c   0x0000005c   Code   RO         4193    i.free_entry        etharp.o
    0x00018278   0x00018278   0x000000bc   Code   RO         4194    i.free_etharp_q     etharp.o
    0x00018334   0x00018334   0x00000038   Code   RO         2402    i.free_socket       sockets.o
    0x0001836c   0x0001836c   0x0000004a   Code   RO          586    i.getConnState      eth_server103.o
    0x000183b6   0x000183b6   0x00000002   PAD
    0x000183b8   0x000183b8   0x000000a8   Code   RO         4277    i.get_if            ethernetif.o
    0x00018460   0x00018460   0x00000168   Code   RO         1144    i.get_rtc           e2timewdg.o
    0x000185c8   0x000185c8   0x00000044   Code   RO         2403    i.get_socket        sockets.o
    0x0001860c   0x0001860c   0x00000020   Code   RO         6341    i.hello             cmd.o
    0x0001862c   0x0001862c   0x00000012   Code   RO         4005    i.icmp_dest_unreach  icmp.o
    0x0001863e   0x0001863e   0x00000002   PAD
    0x00018640   0x00018640   0x00000330   Code   RO         4006    i.icmp_input        icmp.o
    0x00018970   0x00018970   0x000000f8   Code   RO         4007    i.icmp_send_response  icmp.o
    0x00018a68   0x00018a68   0x00000014   Code   RO         4040    i.inet_chksum       inet_chksum.o
    0x00018a7c   0x00018a7c   0x00000056   Code   RO         4041    i.inet_chksum_pbuf  inet_chksum.o
    0x00018ad2   0x00018ad2   0x00000002   PAD
    0x00018ad4   0x00018ad4   0x000002b4   Code   RO         5127    i.init_sram         sram_value.o
    0x00018d88   0x00018d88   0x0000004e   Code   RO         4124    i.ip4_addr_isbroadcast  ip_addr.o
    0x00018dd6   0x00018dd6   0x00000002   PAD
    0x00018dd8   0x00018dd8   0x00000284   Code   RO         4075    i.ip_debug_print    ip.o
    0x0001905c   0x0001905c   0x000003e0   Code   RO         4076    i.ip_input          ip.o
    0x0001943c   0x0001943c   0x000000c4   Code   RO         4077    i.ip_output         ip.o
    0x00019500   0x00019500   0x000001dc   Code   RO         4078    i.ip_output_if      ip.o
    0x000196dc   0x000196dc   0x00000094   Code   RO         4079    i.ip_route          ip.o
    0x00019770   0x00019770   0x00000018   Code   RO         4126    i.ipaddr_addr       ip_addr.o
    0x00019788   0x00019788   0x000001a4   Code   RO         4127    i.ipaddr_aton       ip_addr.o
    0x0001992c   0x0001992c   0x00000014   Code   RO         4128    i.ipaddr_ntoa       ip_addr.o
    0x00019940   0x00019940   0x000000a8   Code   RO         4129    i.ipaddr_ntoa_r     ip_addr.o
    0x000199e8   0x000199e8   0x000000c8   Code   RO         6342    i.list              cmd.o
    0x00019ab0   0x00019ab0   0x00000010   Code   RO         6343    i.list_device       cmd.o
    0x00019ac0   0x00019ac0   0x00000010   Code   RO         6344    i.list_event        cmd.o
    0x00019ad0   0x00019ad0   0x0000021c   Code   RO         4278    i.list_if           ethernetif.o
    0x00019cec   0x00019cec   0x00000010   Code   RO         6345    i.list_mailbox      cmd.o
    0x00019cfc   0x00019cfc   0x00000078   Code   RO         5785    i.list_mem          mem.o
    0x00019d74   0x00019d74   0x00000010   Code   RO         6346    i.list_mempool      cmd.o
    0x00019d84   0x00019d84   0x00000010   Code   RO         6347    i.list_msgqueue     cmd.o
    0x00019d94   0x00019d94   0x00000010   Code   RO         6348    i.list_mutex        cmd.o
    0x00019da4   0x00019da4   0x00000150   Code   RO         6349    i.list_prefix       cmd.o
    0x00019ef4   0x00019ef4   0x00000010   Code   RO         6350    i.list_sem          cmd.o
    0x00019f04   0x00019f04   0x00000158   Code   RO         4279    i.list_tcps         ethernetif.o
    0x0001a05c   0x0001a05c   0x00000010   Code   RO         6351    i.list_thread       cmd.o
    0x0001a06c   0x0001a06c   0x00000010   Code   RO         6352    i.list_timer        cmd.o
    0x0001a07c   0x0001a07c   0x000002a4   Code   RO         2404    i.lwip_accept       sockets.o
    0x0001a320   0x0001a320   0x00000114   Code   RO         2405    i.lwip_bind         sockets.o
    0x0001a434   0x0001a434   0x000000a0   Code   RO         2406    i.lwip_close        sockets.o
    0x0001a4d4   0x0001a4d4   0x0000001a   Code   RO         2914    i.lwip_htonl        def.o
    0x0001a4ee   0x0001a4ee   0x0000000c   Code   RO         2915    i.lwip_htons        def.o
    0x0001a4fa   0x0001a4fa   0x0000001c   Code   RO         3033    i.lwip_init         init.o
    0x0001a516   0x0001a516   0x00000002   PAD
    0x0001a518   0x0001a518   0x0000008c   Code   RO         2414    i.lwip_ioctl        sockets.o
    0x0001a5a4   0x0001a5a4   0x0000008c   Code   RO         2415    i.lwip_listen       sockets.o
    0x0001a630   0x0001a630   0x0000000c   Code   RO         2916    i.lwip_ntohl        def.o
    0x0001a63c   0x0001a63c   0x0000000c   Code   RO         2917    i.lwip_ntohs        def.o
    0x0001a648   0x0001a648   0x00000022   Code   RO         2417    i.lwip_recv         sockets.o
    0x0001a66a   0x0001a66a   0x00000002   PAD
    0x0001a66c   0x0001a66c   0x00000310   Code   RO         2418    i.lwip_recvfrom     sockets.o
    0x0001a97c   0x0001a97c   0x00000014   Code   RO         3034    i.lwip_sanity_check  init.o
    0x0001a990   0x0001a990   0x0000040c   Code   RO         2419    i.lwip_select       sockets.o
    0x0001ad9c   0x0001ad9c   0x000001ac   Code   RO         2420    i.lwip_selscan      sockets.o
    0x0001af48   0x0001af48   0x000000dc   Code   RO         2421    i.lwip_send         sockets.o
    0x0001b024   0x0001b024   0x0000018c   Code   RO         2422    i.lwip_sendto       sockets.o
    0x0001b1b0   0x0001b1b0   0x000000c8   Code   RO         2425    i.lwip_shutdown     sockets.o
    0x0001b278   0x0001b278   0x000000cc   Code   RO         2426    i.lwip_socket       sockets.o
    0x0001b344   0x0001b344   0x00000002   Code   RO         2427    i.lwip_socket_init  sockets.o
    0x0001b346   0x0001b346   0x0000005e   Code   RO         4044    i.lwip_standard_chksum  inet_chksum.o
    0x0001b3a4   0x0001b3a4   0x00000008   Code   RO         2715    i.lwip_sys_init     sys_arch.o
    0x0001b3ac   0x0001b3ac   0x000000c8   Code   RO         2716    i.lwip_system_init  sys_arch.o
    0x0001b474   0x0001b474   0x00000012   Code   RO          843    i.main              startup.o
    0x0001b486   0x0001b486   0x00000028   Code   RO         7018    i.make_sys_node     finsh_parser.o
    0x0001b4ae   0x0001b4ae   0x00000002   PAD
    0x0001b4b0   0x0001b4b0   0x00000034   Code   RO         3091    i.memp_free         memp.o
    0x0001b4e4   0x0001b4e4   0x00000058   Code   RO         3092    i.memp_malloc       memp.o
    0x0001b53c   0x0001b53c   0x00000020   Code   RO         2228    i.netbuf_delete     netbuf.o
    0x0001b55c   0x0001b55c   0x00000074   Code   RO         2230    i.netbuf_free       netbuf.o
    0x0001b5d0   0x0001b5d0   0x00000098   Code   RO         2233    i.netbuf_ref        netbuf.o
    0x0001b668   0x0001b668   0x0000017c   Code   RO         1828    i.netconn_accept    api_lib.o
    0x0001b7e4   0x0001b7e4   0x00000100   Code   RO         2031    i.netconn_alloc     api_msg.o
    0x0001b8e4   0x0001b8e4   0x000000a8   Code   RO         1829    i.netconn_bind      api_lib.o
    0x0001b98c   0x0001b98c   0x000000a0   Code   RO         1831    i.netconn_close_shutdown  api_lib.o
    0x0001ba2c   0x0001ba2c   0x00000028   Code   RO         1833    i.netconn_delete    api_lib.o
    0x0001ba54   0x0001ba54   0x0000011c   Code   RO         2032    i.netconn_drain     api_msg.o
    0x0001bb70   0x0001bb70   0x0000014c   Code   RO         2033    i.netconn_free      api_msg.o
    0x0001bcbc   0x0001bcbc   0x0000012c   Code   RO         1835    i.netconn_getaddr   api_lib.o
    0x0001bde8   0x0001bde8   0x000000a0   Code   RO         1837    i.netconn_listen_with_backlog  api_lib.o
    0x0001be88   0x0001be88   0x0000016c   Code   RO         1838    i.netconn_new_with_proto_and_callback  api_lib.o
    0x0001bff4   0x0001bff4   0x00000190   Code   RO         1839    i.netconn_recv      api_lib.o
    0x0001c184   0x0001c184   0x000001fc   Code   RO         1840    i.netconn_recv_data  api_lib.o
    0x0001c380   0x0001c380   0x00000078   Code   RO         1841    i.netconn_recv_tcp_pbuf  api_lib.o
    0x0001c3f8   0x0001c3f8   0x00000034   Code   RO         1842    i.netconn_recved    api_lib.o
    0x0001c42c   0x0001c42c   0x000000a4   Code   RO         1843    i.netconn_send      api_lib.o
    0x0001c4d0   0x0001c4d0   0x00000024   Code   RO         1845    i.netconn_shutdown  api_lib.o
    0x0001c4f4   0x0001c4f4   0x000000fc   Code   RO         1846    i.netconn_write     api_lib.o
    0x0001c5f0   0x0001c5f0   0x000000d8   Code   RO         3138    i.netif_add         netif.o
    0x0001c6c8   0x0001c6c8   0x0000002a   Code   RO         2717    i.netif_device_init  sys_arch.o
    0x0001c6f2   0x0001c6f2   0x00000002   Code   RO         3140    i.netif_init        netif.o
    0x0001c6f4   0x0001c6f4   0x00000028   Code   RO         3142    i.netif_set_addr    netif.o
    0x0001c71c   0x0001c71c   0x00000010   Code   RO         3143    i.netif_set_default  netif.o
    0x0001c72c   0x0001c72c   0x00000010   Code   RO         3145    i.netif_set_gw      netif.o
    0x0001c73c   0x0001c73c   0x00000080   Code   RO         3146    i.netif_set_ipaddr  netif.o
    0x0001c7bc   0x0001c7bc   0x00000018   Code   RO         3147    i.netif_set_link_down  netif.o
    0x0001c7d4   0x0001c7d4   0x00000036   Code   RO         3148    i.netif_set_link_up  netif.o
    0x0001c80a   0x0001c80a   0x00000010   Code   RO         3149    i.netif_set_netmask  netif.o
    0x0001c81a   0x0001c81a   0x00000036   Code   RO         3150    i.netif_set_up      netif.o
    0x0001c850   0x0001c850   0x00000028   Code   RO         2347    i.netifapi_netif_common  netifapi.o
    0x0001c878   0x0001c878   0x0000002c   Code   RO         2348    i.netifapi_netif_set_addr  netifapi.o
    0x0001c8a4   0x0001c8a4   0x000000b4   Code   RO          192    i.normal_routine    base_task.o
    0x0001c958   0x0001c958   0x00000038   Code   RO          193    i.normal_work_thread_entry  base_task.o
    0x0001c990   0x0001c990   0x00000414   Code   RO         3246    i.pbuf_alloc        pbuf.o
    0x0001cda4   0x0001cda4   0x0000011c   Code   RO         3247    i.pbuf_cat          pbuf.o
    0x0001cec0   0x0001cec0   0x0000001a   Code   RO         3248    i.pbuf_chain        pbuf.o
    0x0001ceda   0x0001ceda   0x00000012   Code   RO         3249    i.pbuf_clen         pbuf.o
    0x0001ceec   0x0001ceec   0x00000204   Code   RO         3251    i.pbuf_copy         pbuf.o
    0x0001d0f0   0x0001d0f0   0x00000120   Code   RO         3252    i.pbuf_copy_partial  pbuf.o
    0x0001d210   0x0001d210   0x00000140   Code   RO         3254    i.pbuf_free         pbuf.o
    0x0001d350   0x0001d350   0x00000044   Code   RO         3255    i.pbuf_free_ooseq   pbuf.o
    0x0001d394   0x0001d394   0x0000012c   Code   RO         3257    i.pbuf_header       pbuf.o
    0x0001d4c0   0x0001d4c0   0x00000044   Code   RO         3260    i.pbuf_pool_is_empty  pbuf.o
    0x0001d504   0x0001d504   0x00000190   Code   RO         3261    i.pbuf_realloc      pbuf.o
    0x0001d694   0x0001d694   0x0000001a   Code   RO         3262    i.pbuf_ref          pbuf.o
    0x0001d6ae   0x0001d6ae   0x00000002   PAD
    0x0001d6b0   0x0001d6b0   0x000000fc   Code   RO         2034    i.pcb_new           api_msg.o
    0x0001d7ac   0x0001d7ac   0x00000048   Code   RO         4651    i.phy0_isr          eth_driver.o
    0x0001d7f4   0x0001d7f4   0x00000140   Code   RO         4652    i.phy_check         eth_driver.o
    0x0001d934   0x0001d934   0x00000058   Code   RO         4653    i.phy_dump          eth_driver.o
    0x0001d98c   0x0001d98c   0x00000088   Code   RO         4654    i.phy_int_init      eth_driver.o
    0x0001da14   0x0001da14   0x0000004c   Code   RO         4655    i.phy_monitor_thread_entry  eth_driver.o
    0x0001da60   0x0001da60   0x0000003c   Code   RO         4656    i.phy_search        eth_driver.o
    0x0001da9c   0x0001da9c   0x0000001c   Code   RO         4657    i.phy_write         eth_driver.o
    0x0001dab8   0x0001dab8   0x00000164   Code   RO         5786    i.plug_holes        mem.o
    0x0001dc1c   0x0001dc1c   0x000000b4   Code   RO         2035    i.poll_tcp          api_msg.o
    0x0001dcd0   0x0001dcd0   0x00000088   Code   RO         5030    i.ports_init        ports_init.o
    0x0001dd58   0x0001dd58   0x00000150   Code   RO         5616    i.print_number      kservice.o
    0x0001dea8   0x0001dea8   0x00000072   Code   RO         7019    i.proc_additive_expr  finsh_parser.o
    0x0001df1a   0x0001df1a   0x0000004c   Code   RO         7020    i.proc_and_expr     finsh_parser.o
    0x0001df66   0x0001df66   0x00000038   Code   RO         7021    i.proc_assign_expr  finsh_parser.o
    0x0001df9e   0x0001df9e   0x0000004e   Code   RO         7022    i.proc_cast_expr    finsh_parser.o
    0x0001dfec   0x0001dfec   0x0000004c   Code   RO         7023    i.proc_exclusive_or_expr  finsh_parser.o
    0x0001e038   0x0001e038   0x0000000c   Code   RO         7024    i.proc_expr         finsh_parser.o
    0x0001e044   0x0001e044   0x00000038   Code   RO         7025    i.proc_expr_statement  finsh_parser.o
    0x0001e07c   0x0001e07c   0x0000002c   Code   RO         7026    i.proc_identifier   finsh_parser.o
    0x0001e0a8   0x0001e0a8   0x0000004c   Code   RO         7027    i.proc_inclusive_or_expr  finsh_parser.o
    0x0001e0f4   0x0001e0f4   0x0000008a   Code   RO         7028    i.proc_multiplicative_expr  finsh_parser.o
    0x0001e17e   0x0001e17e   0x0000004c   Code   RO         7029    i.proc_param_list   finsh_parser.o
    0x0001e1ca   0x0001e1ca   0x000000a2   Code   RO         7030    i.proc_postfix_expr  finsh_parser.o
    0x0001e26c   0x0001e26c   0x0000009e   Code   RO         7031    i.proc_primary_expr  finsh_parser.o
    0x0001e30a   0x0001e30a   0x00000074   Code   RO         7032    i.proc_shift_expr   finsh_parser.o
    0x0001e37e   0x0001e37e   0x000000fa   Code   RO         7033    i.proc_type         finsh_parser.o
    0x0001e478   0x0001e478   0x000000be   Code   RO         7034    i.proc_unary_expr   finsh_parser.o
    0x0001e536   0x0001e536   0x000001da   Code   RO         7035    i.proc_variable_decl  finsh_parser.o
    0x0001e710   0x0001e710   0x00000010   Code   RO         3378    i.raw_bind          raw.o
    0x0001e720   0x0001e720   0x00000074   Code   RO         3380    i.raw_input         raw.o
    0x0001e794   0x0001e794   0x00000034   Code   RO         3381    i.raw_new           raw.o
    0x0001e7c8   0x0001e7c8   0x00000006   Code   RO         3382    i.raw_recv          raw.o
    0x0001e7ce   0x0001e7ce   0x00000002   PAD
    0x0001e7d0   0x0001e7d0   0x00000040   Code   RO         3383    i.raw_remove        raw.o
    0x0001e810   0x0001e810   0x00000012   Code   RO         3384    i.raw_send          raw.o
    0x0001e822   0x0001e822   0x00000002   PAD
    0x0001e824   0x0001e824   0x00000108   Code   RO         3385    i.raw_sendto        raw.o
    0x0001e92c   0x0001e92c   0x00000054   Code   RO         1438    i.read_yc_modbus    modbus600.o
    0x0001e980   0x0001e980   0x00000054   Code   RO         1641    i.read_yc_modbus_1  modbus611.o
    0x0001e9d4   0x0001e9d4   0x00000054   Code   RO         1733    i.read_yc_modbus_2  modbushfna2s.o
    0x0001ea28   0x0001ea28   0x00000054   Code   RO         1439    i.read_ym_modbus    modbus600.o
    0x0001ea7c   0x0001ea7c   0x00000054   Code   RO         1642    i.read_ym_modbus_1  modbus611.o
    0x0001ead0   0x0001ead0   0x00000054   Code   RO         1734    i.read_ym_modbus_2  modbushfna2s.o
    0x0001eb24   0x0001eb24   0x00000054   Code   RO         1440    i.read_yx_modbus    modbus600.o
    0x0001eb78   0x0001eb78   0x00000054   Code   RO         1643    i.read_yx_modbus_1  modbus611.o
    0x0001ebcc   0x0001ebcc   0x00000054   Code   RO         1735    i.read_yx_modbus_2  modbushfna2s.o
    0x0001ec20   0x0001ec20   0x0000009c   Code   RO         2036    i.recv_raw          api_msg.o
    0x0001ecbc   0x0001ecbc   0x00000158   Code   RO         2037    i.recv_tcp          api_msg.o
    0x0001ee14   0x0001ee14   0x00000154   Code   RO         2038    i.recv_udp          api_msg.o
    0x0001ef68   0x0001ef68   0x0000003a   Code   RO          587    i.resetTask         eth_server103.o
    0x0001efa2   0x0001efa2   0x00000002   PAD
    0x0001efa4   0x0001efa4   0x00000038   Code   RO            3    i.rt_application_init  application.o
    0x0001efdc   0x0001efdc   0x00000074   Code   RO         5187    i.rt_device_close   device.o
    0x0001f050   0x0001f050   0x00000070   Code   RO         5188    i.rt_device_control  device.o
    0x0001f0c0   0x0001f0c0   0x00000050   Code   RO         5189    i.rt_device_find    device.o
    0x0001f110   0x0001f110   0x000000c4   Code   RO         5190    i.rt_device_init    device.o
    0x0001f1d4   0x0001f1d4   0x00000088   Code   RO         5191    i.rt_device_init_all  device.o
    0x0001f25c   0x0001f25c   0x000000f4   Code   RO         5192    i.rt_device_open    device.o
    0x0001f350   0x0001f350   0x00000080   Code   RO         5193    i.rt_device_read    device.o
    0x0001f3d0   0x0001f3d0   0x00000020   Code   RO         5194    i.rt_device_register  device.o
    0x0001f3f0   0x0001f3f0   0x00000060   Code   RO         5195    i.rt_device_set_rx_indicate  device.o
    0x0001f450   0x0001f450   0x00000080   Code   RO         5198    i.rt_device_write   device.o
    0x0001f4d0   0x0001f4d0   0x00000020   Code   RO         6030    i.rt_enter_critical  scheduler.o
    0x0001f4f0   0x0001f4f0   0x00000078   Code   RO         5316    i.rt_event_init     ipc.o
    0x0001f568   0x0001f568   0x000001b8   Code   RO         5317    i.rt_event_recv     ipc.o
    0x0001f720   0x0001f720   0x00000120   Code   RO         5318    i.rt_event_send     ipc.o
    0x0001f840   0x0001f840   0x0000003c   Code   RO         6031    i.rt_exit_critical  scheduler.o
    0x0001f87c   0x0001f87c   0x00000210   Code   RO         5788    i.rt_free           mem.o
    0x0001fa8c   0x0001fa8c   0x000000ec   Code   RO         4431    i.rt_hw_board_init  board.o
    0x0001fb78   0x0001fb78   0x00000002   Code   RO         5621    i.rt_hw_console_output  kservice.o
    0x0001fb7a   0x0001fb7a   0x00000002   PAD
    0x0001fb7c   0x0001fb7c   0x000000f4   Code   RO         4488    i.rt_hw_dma_init    dmac_fm3.o
    0x0001fc70   0x0001fc70   0x00000148   Code   RO         4395    i.rt_hw_hard_fault_exception  cpuport.o
    0x0001fdb8   0x0001fdb8   0x0000006a   Code   RO         4396    i.rt_hw_stack_init  cpuport.o
    0x0001fe22   0x0001fe22   0x00000002   PAD
    0x0001fe24   0x0001fe24   0x000000d4   Code   RO          897    i.rt_hw_uart0_init  uart.o
    0x0001fef8   0x0001fef8   0x00000070   Code   RO          898    i.rt_hw_uart0_isr   uart.o
    0x0001ff68   0x0001ff68   0x000000d8   Code   RO          899    i.rt_hw_uart1_init  uart.o
    0x00020040   0x00020040   0x00000070   Code   RO          900    i.rt_hw_uart1_isr   uart.o
    0x000200b0   0x000200b0   0x000000d8   Code   RO          901    i.rt_hw_uart3_init  uart.o
    0x00020188   0x00020188   0x00000070   Code   RO          902    i.rt_hw_uart3_isr   uart.o
    0x000201f8   0x000201f8   0x000000d8   Code   RO          903    i.rt_hw_uart4_init  uart.o
    0x000202d0   0x000202d0   0x00000070   Code   RO          904    i.rt_hw_uart4_isr   uart.o
    0x00020340   0x00020340   0x000000d8   Code   RO          905    i.rt_hw_uart5_init  uart.o
    0x00020418   0x00020418   0x00000070   Code   RO          906    i.rt_hw_uart5_isr   uart.o
    0x00020488   0x00020488   0x000000d8   Code   RO          907    i.rt_hw_uart6_init  uart.o
    0x00020560   0x00020560   0x00000070   Code   RO          908    i.rt_hw_uart6_isr   uart.o
    0x000205d0   0x000205d0   0x000000d8   Code   RO          909    i.rt_hw_uart7_init  uart.o
    0x000206a8   0x000206a8   0x00000070   Code   RO          910    i.rt_hw_uart7_isr   uart.o
    0x00020718   0x00020718   0x0000004c   Code   RO          911    i.rt_hw_uart_register  uart.o
    0x00020764   0x00020764   0x000000d8   Code   RO            4    i.rt_init_thread_entry  application.o
    0x0002083c   0x0002083c   0x00000024   Code   RO         5586    i.rt_interrupt_enter  irq.o
    0x00020860   0x00020860   0x0000000c   Code   RO         5587    i.rt_interrupt_get_nest  irq.o
    0x0002086c   0x0002086c   0x00000024   Code   RO         5588    i.rt_interrupt_leave  irq.o
    0x00020890   0x00020890   0x00000018   Code   RO         5319    i.rt_ipc_list_resume  ipc.o
    0x000208a8   0x000208a8   0x00000032   Code   RO         5320    i.rt_ipc_list_resume_all  ipc.o
    0x000208da   0x000208da   0x0000006c   Code   RO         5321    i.rt_ipc_list_suspend  ipc.o
    0x00020946   0x00020946   0x00000010   Code   RO         5322    i.rt_ipc_object_init  ipc.o
    0x00020956   0x00020956   0x00000002   PAD
    0x00020958   0x00020958   0x0000004c   Code   RO         5622    i.rt_kprintf        kservice.o
    0x000209a4   0x000209a4   0x00000006   Code   RO         5323    i.rt_list_init      ipc.o
    0x000209aa   0x000209aa   0x00000006   Code   RO         6032    i.rt_list_init      scheduler.o
    0x000209b0   0x000209b0   0x00000006   Code   RO         6218    i.rt_list_init      timer.o
    0x000209b6   0x000209b6   0x0000000e   Code   RO         5927    i.rt_list_insert_after  object.o
    0x000209c4   0x000209c4   0x0000000e   Code   RO         6103    i.rt_list_insert_after  thread.o
    0x000209d2   0x000209d2   0x0000000e   Code   RO         5324    i.rt_list_insert_before  ipc.o
    0x000209e0   0x000209e0   0x0000000e   Code   RO         6219    i.rt_list_insert_before  timer.o
    0x000209ee   0x000209ee   0x00000010   Code   RO         5270    i.rt_list_isempty   idle.o
    0x000209fe   0x000209fe   0x00000010   Code   RO         5325    i.rt_list_isempty   ipc.o
    0x00020a0e   0x00020a0e   0x00000010   Code   RO         6220    i.rt_list_isempty   timer.o
    0x00020a1e   0x00020a1e   0x00000010   Code   RO         6353    i.rt_list_isempty   cmd.o
    0x00020a2e   0x00020a2e   0x00000014   Code   RO         6354    i.rt_list_len       cmd.o
    0x00020a42   0x00020a42   0x00000012   Code   RO         5928    i.rt_list_remove    object.o
    0x00020a54   0x00020a54   0x00000012   Code   RO         6104    i.rt_list_remove    thread.o
    0x00020a66   0x00020a66   0x00000012   Code   RO         6221    i.rt_list_remove    timer.o
    0x00020a78   0x00020a78   0x00000328   Code   RO         5790    i.rt_malloc         mem.o
    0x00020da0   0x00020da0   0x000000dc   Code   RO         5327    i.rt_mb_create      ipc.o
    0x00020e7c   0x00020e7c   0x000000dc   Code   RO         5328    i.rt_mb_delete      ipc.o
    0x00020f58   0x00020f58   0x00000094   Code   RO         5330    i.rt_mb_init        ipc.o
    0x00020fec   0x00020fec   0x000001f4   Code   RO         5331    i.rt_mb_recv        ipc.o
    0x000211e0   0x000211e0   0x00000012   Code   RO         5332    i.rt_mb_send        ipc.o
    0x000211f2   0x000211f2   0x00000002   PAD
    0x000211f4   0x000211f4   0x000001d0   Code   RO         5333    i.rt_mb_send_wait   ipc.o
    0x000213c4   0x000213c4   0x0000007c   Code   RO         5625    i.rt_memcpy         kservice.o
    0x00021440   0x00021440   0x00000048   Code   RO         5627    i.rt_memset         kservice.o
    0x00021488   0x00021488   0x00000084   Code   RO         5346    i.rt_mutex_init     ipc.o
    0x0002150c   0x0002150c   0x000000b8   Code   RO         5347    i.rt_mutex_release  ipc.o
    0x000215c4   0x000215c4   0x000001ac   Code   RO         5348    i.rt_mutex_take     ipc.o
    0x00021770   0x00021770   0x000000ec   Code   RO         5929    i.rt_object_allocate  object.o
    0x0002185c   0x0002185c   0x000000e0   Code   RO         5931    i.rt_object_delete  object.o
    0x0002193c   0x0002193c   0x00000088   Code   RO         5932    i.rt_object_detach  object.o
    0x000219c4   0x000219c4   0x00000054   Code   RO         5936    i.rt_object_init    object.o
    0x00021a18   0x00021a18   0x00000070   Code   RO         5937    i.rt_object_is_systemobject  object.o
    0x00021a88   0x00021a88   0x000000f4   Code   RO         6033    i.rt_schedule       scheduler.o
    0x00021b7c   0x00021b7c   0x000000a4   Code   RO         6034    i.rt_schedule_insert_thread  scheduler.o
    0x00021c20   0x00021c20   0x000000b0   Code   RO         6035    i.rt_schedule_remove_thread  scheduler.o
    0x00021cd0   0x00021cd0   0x0000008c   Code   RO         5349    i.rt_sem_control    ipc.o
    0x00021d5c   0x00021d5c   0x000000b0   Code   RO         5350    i.rt_sem_create     ipc.o
    0x00021e0c   0x00021e0c   0x000000d0   Code   RO         5351    i.rt_sem_delete     ipc.o
    0x00021edc   0x00021edc   0x00000068   Code   RO         5352    i.rt_sem_detach     ipc.o
    0x00021f44   0x00021f44   0x00000074   Code   RO         5353    i.rt_sem_init       ipc.o
    0x00021fb8   0x00021fb8   0x00000054   Code   RO         5354    i.rt_sem_release    ipc.o
    0x0002200c   0x0002200c   0x00000168   Code   RO         5355    i.rt_sem_take       ipc.o
    0x00022174   0x00022174   0x00000028   Code   RO         5628    i.rt_set_errno      kservice.o
    0x0002219c   0x0002219c   0x000000b0   Code   RO         5629    i.rt_show_version   kservice.o
    0x0002224c   0x0002224c   0x00000026   Code   RO         5630    i.rt_snprintf       kservice.o
    0x00022272   0x00022272   0x00000012   Code   RO         5635    i.rt_strlen         kservice.o
    0x00022284   0x00022284   0x00000028   Code   RO         5636    i.rt_strncmp        kservice.o
    0x000222ac   0x000222ac   0x00000034   Code   RO         5637    i.rt_strncpy        kservice.o
    0x000222e0   0x000222e0   0x00000184   Code   RO         5794    i.rt_system_heap_init  mem.o
    0x00022464   0x00022464   0x00000050   Code   RO         6037    i.rt_system_scheduler_init  scheduler.o
    0x000224b4   0x000224b4   0x00000084   Code   RO         6038    i.rt_system_scheduler_start  scheduler.o
    0x00022538   0x00022538   0x0000000c   Code   RO         5149    i.rt_system_tick_init  clock.o
    0x00022544   0x00022544   0x00000010   Code   RO         6222    i.rt_system_timer_init  timer.o
    0x00022554   0x00022554   0x00000002   Code   RO         6223    i.rt_system_timer_thread_init  timer.o
    0x00022556   0x00022556   0x00000002   PAD
    0x00022558   0x00022558   0x000000c8   Code   RO         6105    i.rt_thread_control  thread.o
    0x00022620   0x00022620   0x00000050   Code   RO         6106    i.rt_thread_create  thread.o
    0x00022670   0x00022670   0x0000000c   Code   RO         6107    i.rt_thread_delay   thread.o
    0x0002267c   0x0002267c   0x00000090   Code   RO         6108    i.rt_thread_delete  thread.o
    0x0002270c   0x0002270c   0x0000005c   Code   RO         6110    i.rt_thread_exit    thread.o
    0x00022768   0x00022768   0x00000018   Code   RO         5271    i.rt_thread_idle_entry  idle.o
    0x00022780   0x00022780   0x000000fc   Code   RO         5272    i.rt_thread_idle_excute  idle.o
    0x0002287c   0x0002287c   0x0000003c   Code   RO         5273    i.rt_thread_idle_init  idle.o
    0x000228b8   0x000228b8   0x000000c0   Code   RO         6112    i.rt_thread_init    thread.o
    0x00022978   0x00022978   0x000000a4   Code   RO         6113    i.rt_thread_resume  thread.o
    0x00022a1c   0x00022a1c   0x0000000c   Code   RO         6114    i.rt_thread_self    thread.o
    0x00022a28   0x00022a28   0x0000009c   Code   RO         6115    i.rt_thread_sleep   thread.o
    0x00022ac4   0x00022ac4   0x000000cc   Code   RO         6116    i.rt_thread_startup  thread.o
    0x00022b90   0x00022b90   0x00000090   Code   RO         6117    i.rt_thread_suspend  thread.o
    0x00022c20   0x00022c20   0x000000c4   Code   RO         6118    i.rt_thread_timeout  thread.o
    0x00022ce4   0x00022ce4   0x00000060   Code   RO         6119    i.rt_thread_yield   thread.o
    0x00022d44   0x00022d44   0x0000000c   Code   RO         5151    i.rt_tick_get       clock.o
    0x00022d50   0x00022d50   0x00000030   Code   RO         5152    i.rt_tick_increase  clock.o
    0x00022d80   0x00022d80   0x000000a0   Code   RO         6224    i.rt_timer_check    timer.o
    0x00022e20   0x00022e20   0x00000098   Code   RO         6225    i.rt_timer_control  timer.o
    0x00022eb8   0x00022eb8   0x00000078   Code   RO         6228    i.rt_timer_detach   timer.o
    0x00022f30   0x00022f30   0x00000084   Code   RO         6229    i.rt_timer_init     timer.o
    0x00022fb4   0x00022fb4   0x0000012c   Code   RO         6232    i.rt_timer_start    timer.o
    0x000230e0   0x000230e0   0x000000cc   Code   RO          912    i.rt_uart_init      uart.o
    0x000231ac   0x000231ac   0x000000bc   Code   RO          913    i.rt_uart_open      uart.o
    0x00023268   0x00023268   0x000000b4   Code   RO          914    i.rt_uart_save      uart.o
    0x0002331c   0x0002331c   0x00000164   Code   RO          915    i.rt_uart_write     uart.o
    0x00023480   0x00023480   0x0000000c   Code   RO          195    i.rtdb_work_thread_entry  base_task.o
    0x0002348c   0x0002348c   0x0000004c   Code   RO          844    i.rtthread_startup  startup.o
    0x000234d8   0x000234d8   0x00000108   Code   RO          196    i.run_init          base_task.o
    0x000235e0   0x000235e0   0x000000f8   Code   RO          197    i.save_data_thread_entry  base_task.o
    0x000236d8   0x000236d8   0x00000080   Code   RO         1262    i.save_di_report    rtdboperate.o
    0x00023758   0x00023758   0x00000014   Code   RO         1570    i.saveconfhandle    cmcfgfunc.o
    0x0002376c   0x0002376c   0x00000094   Code   RO          588    i.selectRead        eth_server103.o
    0x00023800   0x00023800   0x00000094   Code   RO          589    i.selectWrite       eth_server103.o
    0x00023894   0x00023894   0x000001a0   Code   RO          590    i.sendCtrlMsg       eth_server103.o
    0x00023a34   0x00023a34   0x00000024   Code   RO          591    i.sendStartDTConfirm  eth_server103.o
    0x00023a58   0x00023a58   0x00000024   Code   RO          592    i.sendStopDTConfirm  eth_server103.o
    0x00023a7c   0x00023a7c   0x00000024   Code   RO          593    i.sendTESTFRCmd     eth_server103.o
    0x00023aa0   0x00023aa0   0x00000024   Code   RO          594    i.sendTESTFRConfirm  eth_server103.o
    0x00023ac4   0x00023ac4   0x00000016   Code   RO         1314    i.sendcommdata      tcp_debug.o
    0x00023ada   0x00023ada   0x00000002   PAD
    0x00023adc   0x00023adc   0x00000038   Code   RO         1315    i.senddeviceinf     tcp_debug.o
    0x00023b14   0x00023b14   0x000000b0   Code   RO         2039    i.sent_tcp          api_msg.o
    0x00023bc4   0x00023bc4   0x00000022   Code   RO          595    i.setConnState      eth_server103.o
    0x00023be6   0x00023be6   0x0000001a   Code   RO         4280    i.set_dns           ethernetif.o
    0x00023c00   0x00023c00   0x000000d8   Code   RO         4281    i.set_if            ethernetif.o
    0x00023cd8   0x00023cd8   0x000000cc   Code   RO         4282    i.set_if_h          ethernetif.o
    0x00023da4   0x00023da4   0x00000188   Code   RO         1145    i.set_rtc           e2timewdg.o
    0x00023f2c   0x00023f2c   0x00000044   Code   RO         2040    i.setup_tcp         api_msg.o
    0x00023f70   0x00023f70   0x00000030   Code   RO         6355    i.show_wait_queue   cmd.o
    0x00023fa0   0x00023fa0   0x00000022   Code   RO         6356    i.str_is_prefix     cmd.o
    0x00023fc2   0x00023fc2   0x0000001c   Code   RO         7317    i.strcmp            shell.o
    0x00023fde   0x00023fde   0x00000002   PAD
    0x00023fe0   0x00023fe0   0x00000084   Code   RO         2718    i.sys_arch_assert   sys_arch.o
    0x00024064   0x00024064   0x00000130   Code   RO         2719    i.sys_arch_mbox_fetch  sys_arch.o
    0x00024194   0x00024194   0x00000024   Code   RO         2720    i.sys_arch_mbox_tryfetch  sys_arch.o
    0x000241b8   0x000241b8   0x0000000c   Code   RO         2721    i.sys_arch_protect  sys_arch.o
    0x000241c4   0x000241c4   0x000000d0   Code   RO         2722    i.sys_arch_sem_wait  sys_arch.o
    0x00024294   0x00024294   0x0000000c   Code   RO         2723    i.sys_arch_unprotect  sys_arch.o
    0x000242a0   0x000242a0   0x00000002   Code   RO         2724    i.sys_init          sys_arch.o
    0x000242a2   0x000242a2   0x00000002   PAD
    0x000242a4   0x000242a4   0x00000094   Code   RO         2725    i.sys_mbox_free     sys_arch.o
    0x00024338   0x00024338   0x000000d8   Code   RO         2726    i.sys_mbox_new      sys_arch.o
    0x00024410   0x00024410   0x0000009c   Code   RO         2727    i.sys_mbox_post     sys_arch.o
    0x000244ac   0x000244ac   0x00000006   Code   RO         2728    i.sys_mbox_set_invalid  sys_arch.o
    0x000244b2   0x000244b2   0x0000001a   Code   RO         2729    i.sys_mbox_trypost  sys_arch.o
    0x000244cc   0x000244cc   0x00000006   Code   RO         2730    i.sys_mbox_valid    sys_arch.o
    0x000244d2   0x000244d2   0x00000002   PAD
    0x000244d4   0x000244d4   0x00000094   Code   RO         2737    i.sys_sem_free      sys_arch.o
    0x00024568   0x00024568   0x000000d4   Code   RO         2738    i.sys_sem_new       sys_arch.o
    0x0002463c   0x0002463c   0x00000006   Code   RO         2739    i.sys_sem_set_invalid  sys_arch.o
    0x00024642   0x00024642   0x0000000c   Code   RO         2740    i.sys_sem_signal    sys_arch.o
    0x0002464e   0x0002464e   0x00000006   Code   RO         2741    i.sys_sem_valid     sys_arch.o
    0x00024654   0x00024654   0x000000ec   Code   RO         2742    i.sys_thread_new    sys_arch.o
    0x00024740   0x00024740   0x00000118   Code   RO         3864    i.sys_timeout       timers.o
    0x00024858   0x00024858   0x00000024   Code   RO         3865    i.sys_timeouts_init  timers.o
    0x0002487c   0x0002487c   0x00000088   Code   RO         3866    i.sys_timeouts_mbox_fetch  timers.o
    0x00024904   0x00024904   0x00000060   Code   RO         3867    i.sys_untimeout     timers.o
    0x00024964   0x00024964   0x000000d8   Code   RO         1146    i.system_time_increase  e2timewdg.o
    0x00024a3c   0x00024a3c   0x00000470   Code   RO          597    i.tcp104CentralTask  eth_server103.o
    0x00024eac   0x00024eac   0x00000110   Code   RO         3452    i.tcp_abandon       tcp.o
    0x00024fbc   0x00024fbc   0x0000000e   Code   RO         3453    i.tcp_abort         tcp.o
    0x00024fca   0x00024fca   0x00000004   Code   RO         3454    i.tcp_accept        tcp.o
    0x00024fce   0x00024fce   0x00000008   Code   RO         3455    i.tcp_accept_null   tcp.o
    0x00024fd6   0x00024fd6   0x00000002   PAD
    0x00024fd8   0x00024fd8   0x0000014c   Code   RO         3456    i.tcp_alloc         tcp.o
    0x00025124   0x00025124   0x00000004   Code   RO         3457    i.tcp_arg           tcp.o
    0x00025128   0x00025128   0x00000118   Code   RO         3458    i.tcp_bind          tcp.o
    0x00025240   0x00025240   0x0000004c   Code   RO         3459    i.tcp_close         tcp.o
    0x0002528c   0x0002528c   0x000001f4   Code   RO         3460    i.tcp_close_shutdown  tcp.o
    0x00025480   0x00025480   0x00000124   Code   RO         3764    i.tcp_create_segment  tcp_out.o
    0x000255a4   0x000255a4   0x00000038   Code   RO         1316    i.tcp_debug_init    tcp_debug.o
    0x000255dc   0x000255dc   0x0000002c   Code   RO         3465    i.tcp_debug_print_state  tcp.o
    0x00025608   0x00025608   0x0000002e   Code   RO         3467    i.tcp_eff_send_mss  tcp.o
    0x00025636   0x00025636   0x00000002   PAD
    0x00025638   0x00025638   0x0000037c   Code   RO         3765    i.tcp_enqueue_flags  tcp_out.o
    0x000259b4   0x000259b4   0x00000006   Code   RO         3468    i.tcp_err           tcp.o
    0x000259ba   0x000259ba   0x00000002   PAD
    0x000259bc   0x000259bc   0x000000c0   Code   RO         3469    i.tcp_fasttmr       tcp.o
    0x00025a7c   0x00025a7c   0x00000718   Code   RO         3708    i.tcp_input         tcp_in.o
    0x00026194   0x00026194   0x0000013c   Code   RO         3766    i.tcp_keepalive     tcp_out.o
    0x000262d0   0x000262d0   0x00000094   Code   RO         3470    i.tcp_kill_prio     tcp.o
    0x00026364   0x00026364   0x00000088   Code   RO         3471    i.tcp_kill_timewait  tcp.o
    0x000263ec   0x000263ec   0x00000188   Code   RO         3709    i.tcp_listen_input  tcp_in.o
    0x00026574   0x00026574   0x00000130   Code   RO         3472    i.tcp_listen_with_backlog  tcp.o
    0x000266a4   0x000266a4   0x0000000a   Code   RO         3473    i.tcp_new           tcp.o
    0x000266ae   0x000266ae   0x00000002   PAD
    0x000266b0   0x000266b0   0x00000054   Code   RO         3474    i.tcp_new_port      tcp.o
    0x00026704   0x00026704   0x0000001c   Code   RO         3475    i.tcp_next_iss      tcp.o
    0x00026720   0x00026720   0x00000090   Code   RO         3710    i.tcp_oos_insert_segment  tcp_in.o
    0x000267b0   0x000267b0   0x00000274   Code   RO         3767    i.tcp_output        tcp_out.o
    0x00026a24   0x00026a24   0x000000ec   Code   RO         3768    i.tcp_output_alloc_header  tcp_out.o
    0x00026b10   0x00026b10   0x00000168   Code   RO         3769    i.tcp_output_segment  tcp_out.o
    0x00026c78   0x00026c78   0x000000d0   Code   RO         3711    i.tcp_parseopt      tcp_in.o
    0x00026d48   0x00026d48   0x000000cc   Code   RO         3770    i.tcp_pbuf_prealloc  tcp_out.o
    0x00026e14   0x00026e14   0x00000154   Code   RO         3476    i.tcp_pcb_purge     tcp.o
    0x00026f68   0x00026f68   0x00000188   Code   RO         3477    i.tcp_pcb_remove    tcp.o
    0x000270f0   0x000270f0   0x00000170   Code   RO         3478    i.tcp_pcbs_sane     tcp.o
    0x00027260   0x00027260   0x0000000a   Code   RO         3479    i.tcp_poll          tcp.o
    0x0002726a   0x0002726a   0x00000002   PAD
    0x0002726c   0x0002726c   0x00000800   Code   RO         3712    i.tcp_process       tcp_in.o
    0x00027a6c   0x00027a6c   0x00000d3c   Code   RO         3713    i.tcp_receive       tcp_in.o
    0x000287a8   0x000287a8   0x00000006   Code   RO         3480    i.tcp_recv          tcp.o
    0x000287ae   0x000287ae   0x0000002e   Code   RO         3481    i.tcp_recv_null     tcp.o
    0x000287dc   0x000287dc   0x000000f4   Code   RO         3482    i.tcp_recved        tcp.o
    0x000288d0   0x000288d0   0x00000050   Code   RO         3771    i.tcp_rexmit        tcp_out.o
    0x00028920   0x00028920   0x0000007a   Code   RO         3772    i.tcp_rexmit_fast   tcp_out.o
    0x0002899a   0x0002899a   0x0000003a   Code   RO         3773    i.tcp_rexmit_rto    tcp_out.o
    0x000289d4   0x000289d4   0x0000012c   Code   RO         3774    i.tcp_rst           tcp_out.o
    0x00028b00   0x00028b00   0x00000026   Code   RO         3483    i.tcp_seg_copy      tcp.o
    0x00028b26   0x00028b26   0x0000001e   Code   RO         3484    i.tcp_seg_free      tcp.o
    0x00028b44   0x00028b44   0x00000018   Code   RO         3485    i.tcp_segs_free     tcp.o
    0x00028b5c   0x00028b5c   0x000000c4   Code   RO         3775    i.tcp_send_empty_ack  tcp_out.o
    0x00028c20   0x00028c20   0x00000042   Code   RO         3776    i.tcp_send_fin      tcp_out.o
    0x00028c62   0x00028c62   0x00000006   Code   RO         3486    i.tcp_sent          tcp.o
    0x00028c68   0x00028c68   0x0000005e   Code   RO         3488    i.tcp_shutdown      tcp.o
    0x00028cc6   0x00028cc6   0x00000002   PAD
    0x00028cc8   0x00028cc8   0x0000074c   Code   RO         3489    i.tcp_slowtmr       tcp.o
    0x00029414   0x00029414   0x00000038   Code   RO         3868    i.tcp_timer_needed  timers.o
    0x0002944c   0x0002944c   0x000000b0   Code   RO         3714    i.tcp_timewait_input  tcp_in.o
    0x000294fc   0x000294fc   0x00000024   Code   RO         3490    i.tcp_tmr           tcp.o
    0x00029520   0x00029520   0x000000a4   Code   RO         3491    i.tcp_update_rcv_ann_wnd  tcp.o
    0x000295c4   0x000295c4   0x00000854   Code   RO         3777    i.tcp_write         tcp_out.o
    0x00029e18   0x00029e18   0x0000020c   Code   RO         3778    i.tcp_write_checks  tcp_out.o
    0x0002a024   0x0002a024   0x0000016c   Code   RO         3779    i.tcp_zero_window_probe  tcp_out.o
    0x0002a190   0x0002a190   0x00000040   Code   RO         2610    i.tcpip_apimsg      tcpip.o
    0x0002a1d0   0x0002a1d0   0x00000060   Code   RO         2611    i.tcpip_callback_with_block  tcpip.o
    0x0002a230   0x0002a230   0x000000a4   Code   RO         2612    i.tcpip_init        tcpip.o
    0x0002a2d4   0x0002a2d4   0x000000d4   Code   RO         2743    i.tcpip_init_done_callback  sys_arch.o
    0x0002a3a8   0x0002a3a8   0x0000004c   Code   RO         2613    i.tcpip_input       tcpip.o
    0x0002a3f4   0x0002a3f4   0x00000050   Code   RO         2614    i.tcpip_netifapi    tcpip.o
    0x0002a444   0x0002a444   0x00000038   Code   RO         3869    i.tcpip_tcp_timer   timers.o
    0x0002a47c   0x0002a47c   0x0000013c   Code   RO         2615    i.tcpip_thread      tcpip.o
    0x0002a5b8   0x0002a5b8   0x00000078   Code   RO         7130    i.token_get_string  finsh_token.o
    0x0002a630   0x0002a630   0x00000034   Code   RO         7131    i.token_match_name  finsh_token.o
    0x0002a664   0x0002a664   0x0000003e   Code   RO         7132    i.token_next_char   finsh_token.o
    0x0002a6a2   0x0002a6a2   0x00000016   Code   RO         7133    i.token_prev_char   finsh_token.o
    0x0002a6b8   0x0002a6b8   0x000000a2   Code   RO         7134    i.token_proc_char   finsh_token.o
    0x0002a75a   0x0002a75a   0x000000ae   Code   RO         7135    i.token_proc_escape  finsh_token.o
    0x0002a808   0x0002a808   0x0000010e   Code   RO         7136    i.token_proc_number  finsh_token.o
    0x0002a916   0x0002a916   0x00000050   Code   RO         7137    i.token_proc_string  finsh_token.o
    0x0002a966   0x0002a966   0x00000184   Code   RO         7138    i.token_run         finsh_token.o
    0x0002aaea   0x0002aaea   0x00000098   Code   RO         7139    i.token_spec_number  finsh_token.o
    0x0002ab82   0x0002ab82   0x0000001e   Code   RO         7140    i.token_trim_space  finsh_token.o
    0x0002aba0   0x0002aba0   0x00002068   Code   RO         1441    i.trans_yk_cmd_modbus  modbus600.o
    0x0002cc08   0x0002cc08   0x00002068   Code   RO         1644    i.trans_yk_cmd_modbus_1  modbus611.o
    0x0002ec70   0x0002ec70   0x00002068   Code   RO         1736    i.trans_yk_cmd_modbus_2  modbushfna2s.o
    0x00030cd8   0x00030cd8   0x00000094   Code   RO         1317    i.transaddframheader  tcp_debug.o
    0x00030d6c   0x00030d6c   0x00000030   Code   RO         2429    i.tryget_socket     sockets.o
    0x00030d9c   0x00030d9c   0x0000013c   Code   RO          916    i.uart0_thread_entry  uart.o
    0x00030ed8   0x00030ed8   0x00000144   Code   RO          917    i.uart1_thread_entry  uart.o
    0x0003101c   0x0003101c   0x00000148   Code   RO          918    i.uart3_thread_entry  uart.o
    0x00031164   0x00031164   0x00000148   Code   RO          919    i.uart4_thread_entry  uart.o
    0x000312ac   0x000312ac   0x00000148   Code   RO          920    i.uart5_thread_entry  uart.o
    0x000313f4   0x000313f4   0x00000148   Code   RO          921    i.uart6_thread_entry  uart.o
    0x0003153c   0x0003153c   0x00000148   Code   RO          922    i.uart7_thread_entry  uart.o
    0x00031684   0x00031684   0x000000fc   Code   RO         3927    i.udp_bind          udp.o
    0x00031780   0x00031780   0x00000068   Code   RO         3928    i.udp_connect       udp.o
    0x000317e8   0x000317e8   0x00000218   Code   RO         3930    i.udp_input         udp.o
    0x00031a00   0x00031a00   0x0000001c   Code   RO         3931    i.udp_new           udp.o
    0x00031a1c   0x00031a1c   0x00000006   Code   RO         3932    i.udp_recv          udp.o
    0x00031a22   0x00031a22   0x00000002   PAD
    0x00031a24   0x00031a24   0x00000040   Code   RO         3933    i.udp_remove        udp.o
    0x00031a64   0x00031a64   0x00000014   Code   RO         3934    i.udp_send          udp.o
    0x00031a78   0x00031a78   0x00000036   Code   RO         3935    i.udp_sendto        udp.o
    0x00031aae   0x00031aae   0x00000002   PAD
    0x00031ab0   0x00031ab0   0x0000015c   Code   RO         3936    i.udp_sendto_if     udp.o
    0x00031c0c   0x00031c0c   0x00000128   Code   RO         4195    i.update_arp_entry  etharp.o
    0x00031d34   0x00031d34   0x0000000a   Code   RO         6357    i.version           cmd.o
    0x00031d3e   0x00031d3e   0x00000002   PAD
    0x00031d40   0x00031d40   0x000002d0   Code   RO         5640    i.vsnprintf         kservice.o
    0x00032010   0x00032010   0x00000034   Code   RO         1318    i.wrongcmdack       tcp_debug.o
    0x00032044   0x00032044   0x0000002c   Code   RO         7561    locale$$code        c_w.l(lc_ctype_c.o)
    0x00032070   0x00032070   0x00000062   Code   RO         7507    x$fpl$d2f           fz_ws.l(d2f.o)
    0x000320d2   0x000320d2   0x00000002   PAD
    0x000320d4   0x000320d4   0x000002b0   Code   RO         7510    x$fpl$ddiv          fz_ws.l(ddiv.o)
    0x00032384   0x00032384   0x0000009c   Code   RO         7565    x$fpl$dnaninf       fz_ws.l(dnaninf.o)
    0x00032420   0x00032420   0x0000000c   Code   RO         7567    x$fpl$dretinf       fz_ws.l(dretinf.o)
    0x0003242c   0x0003242c   0x00000056   Code   RO         7513    x$fpl$f2d           fz_ws.l(f2d.o)
    0x00032482   0x00032482   0x00000002   PAD
    0x00032484   0x00032484   0x00000030   Code   RO         7516    x$fpl$fflt          fz_ws.l(fflt_clz.o)
    0x000324b4   0x000324b4   0x0000008c   Code   RO         7569    x$fpl$fnaninf       fz_ws.l(fnaninf.o)
    0x00032540   0x00032540   0x0000000a   Code   RO         7571    x$fpl$fretinf       fz_ws.l(fretinf.o)
    0x0003254a   0x0003254a   0x00000000   Code   RO         7573    x$fpl$usenofp       fz_ws.l(usenofp.o)
    0x0003254a   0x0003254a   0x00000027   Data   RO         1147    .constdata          e2timewdg.o
    0x00032571   0x00032571   0x00000200   Data   RO         1520    .constdata          crc.o
    0x00032771   0x00032771   0x00000003   PAD
    0x00032774   0x00032774   0x00000040   Data   RO         2431    .constdata          sockets.o
    0x000327b4   0x000327b4   0x000000b3   Data   RO         2744    .constdata          sys_arch.o
    0x00032867   0x00032867   0x00000001   PAD
    0x00032868   0x00032868   0x0000001c   Data   RO         3093    .constdata          memp.o
    0x00032884   0x00032884   0x00000050   Data   RO         3492    .constdata          tcp.o
    0x000328d4   0x000328d4   0x00000008   Data   RO         4131    .constdata          ip_addr.o
    0x000328dc   0x000328dc   0x0000000c   Data   RO         4197    .constdata          etharp.o
    0x000328e8   0x000328e8   0x000000d6   Data   RO         4284    .constdata          ethernetif.o
    0x000329be   0x000329be   0x00000073   Data   RO         4659    .constdata          eth_driver.o
    0x00032a31   0x00032a31   0x000000a8   Data   RO         5199    .constdata          device.o
    0x00032ad9   0x00032ad9   0x00000016   Data   RO         5276    .constdata          idle.o
    0x00032aef   0x00032aef   0x000001c6   Data   RO         5357    .constdata          ipc.o
    0x00032cb5   0x00032cb5   0x00000022   Data   RO         5642    .constdata          kservice.o
    0x00032cd7   0x00032cd7   0x0000006d   Data   RO         5796    .constdata          mem.o
    0x00032d44   0x00032d44   0x0000005e   Data   RO         5942    .constdata          object.o
    0x00032da2   0x00032da2   0x0000014e   Data   RO         6040    .constdata          scheduler.o
    0x00032ef0   0x00032ef0   0x000000aa   Data   RO         6120    .constdata          thread.o
    0x00032f9a   0x00032f9a   0x0000005c   Data   RO         6235    .constdata          timer.o
    0x00032ff6   0x00032ff6   0x00000002   PAD
    0x00032ff8   0x00032ff8   0x000001f0   Data   RO         6358    .constdata          cmd.o
    0x000331e8   0x000331e8   0x000000c4   Data   RO         6764    .constdata          finsh_ops.o
    0x000332ac   0x000332ac   0x00000040   Data   RO         7141    .constdata          finsh_token.o
    0x000332ec   0x000332ec   0x0000004d   Data   RO         7320    .constdata          shell.o
    0x00033339   0x00033339   0x00000003   PAD
    0x0003333c   0x0003333c   0x000000d0   Data   RO          599    .conststring        eth_server103.o
    0x0003340c   0x0003340c   0x0000005c   Data   RO         3035    .conststring        init.o
    0x00033468   0x00033468   0x0000009c   Data   RO         3094    .conststring        memp.o
    0x00033504   0x00033504   0x000000b9   Data   RO         3493    .conststring        tcp.o
    0x000335bd   0x000335bd   0x00000003   PAD
    0x000335c0   0x000335c0   0x0000012d   Data   RO         3780    .conststring        tcp_out.o
    0x000336ed   0x000336ed   0x00000003   PAD
    0x000336f0   0x000336f0   0x000000e6   Data   RO         4080    .conststring        ip.o
    0x000337d6   0x000337d6   0x00000002   PAD
    0x000337d8   0x000337d8   0x00000044   Data   RO         4198    .conststring        etharp.o
    0x0003381c   0x0003381c   0x000000ed   Data   RO         5797    .conststring        mem.o
    0x00033909   0x00033909   0x00000003   PAD
    0x0003390c   0x0003390c   0x0000015d   Data   RO         6359    .conststring        cmd.o
    0x00033a69   0x00033a69   0x00000003   PAD
    0x00033a6c   0x00033a6c   0x000000f3   Data   RO         6540    .conststring        finsh_error.o
    0x00033b5f   0x00033b5f   0x00000001   PAD
    0x00033b60   0x00033b60   0x0000003e   Data   RO         7142    .conststring        finsh_token.o
    0x00033b9e   0x00033b9e   0x00000002   PAD
    0x00033ba0   0x00033ba0   0x0000000c   Data   RO         1149    FSymTab             e2timewdg.o
    0x00033bac   0x00033bac   0x00000030   Data   RO         4285    FSymTab             ethernetif.o
    0x00033bdc   0x00033bdc   0x00000030   Data   RO         4661    FSymTab             eth_driver.o
    0x00033c0c   0x00033c0c   0x0000000c   Data   RO         5799    FSymTab             mem.o
    0x00033c18   0x00033c18   0x00000090   Data   RO         6361    FSymTab             cmd.o
    0x00033ca8   0x00033ca8   0x00000030   Data   RO         7897    Region$$Table       anon$$obj.o
    0x00033cd8   0x00033cd8   0x00000010   Data   RO         6362    VSymTab             cmd.o
    0x00033ce8   0x00033ce8   0x00000110   Data   RO         7560    locale$$data        c_w.l(lc_ctype_c.o)


    Execution Region RW_IRAM1 (Exec base: 0x1fff0000, Load base: 0x00034730, Size: 0x00011858, Max: 0x00020000, ABSOLUTE, COMPRESSED[0x00000288])

    Exec Addr    Load Addr    Size         Type   Attr      Idx    E Section Name        Object

    0x1fff0000   COMPRESSED   0x0000019e   Data   RW          199    .data               base_task.o
    0x1fff019e   COMPRESSED   0x00000048   Data   RW          317    .data               eth_callee.o
    0x1fff01e6   COMPRESSED   0x00000002   PAD
    0x1fff01e8   COMPRESSED   0x000000a7   Data   RW          925    .data               uart.o
    0x1fff028f   COMPRESSED   0x00000001   PAD
    0x1fff0290   COMPRESSED   0x0000000f   Data   RW         1148    .data               e2timewdg.o
    0x1fff029f   COMPRESSED   0x00000005   Data   RW         1265    .data               rtdboperate.o
    0x1fff02a4   COMPRESSED   0x000000a6   Data   RW         1320    .data               tcp_debug.o
    0x1fff034a   COMPRESSED   0x0000003c   Data   RW         1442    .data               modbus600.o
    0x1fff0386   COMPRESSED   0x0000002a   Data   RW         1645    .data               modbus611.o
    0x1fff03b0   COMPRESSED   0x00000022   Data   RW         1737    .data               modbushfna2s.o
    0x1fff03d2   COMPRESSED   0x00000002   PAD
    0x1fff03d4   COMPRESSED   0x00000008   Data   RW         1793    .data               system_mb9bf61x.o
    0x1fff03dc   COMPRESSED   0x00000008   Data   RW         2432    .data               sockets.o
    0x1fff03e4   COMPRESSED   0x0000000c   Data   RW         2618    .data               tcpip.o
    0x1fff03f0   COMPRESSED   0x00000006   Data   RW         2745    .data               sys_arch.o
    0x1fff03f6   COMPRESSED   0x00000002   PAD
    0x1fff03f8   COMPRESSED   0x00000014   Data   RW         2964    .data               dns.o
    0x1fff040c   COMPRESSED   0x0000003a   Data   RW         3095    .data               memp.o
    0x1fff0446   COMPRESSED   0x00000002   PAD
    0x1fff0448   COMPRESSED   0x00000009   Data   RW         3151    .data               netif.o
    0x1fff0451   COMPRESSED   0x00000001   Data   RW         3265    .data               pbuf.o
    0x1fff0452   COMPRESSED   0x00000002   PAD
    0x1fff0454   COMPRESSED   0x00000004   Data   RW         3386    .data               raw.o
    0x1fff0458   COMPRESSED   0x00000020   Data   RW         3494    .data               tcp.o
    0x1fff0478   COMPRESSED   0x00000020   Data   RW         3716    .data               tcp_in.o
    0x1fff0498   COMPRESSED   0x00000008   Data   RW         3870    .data               timers.o
    0x1fff04a0   COMPRESSED   0x00000004   Data   RW         3937    .data               udp.o
    0x1fff04a4   COMPRESSED   0x00000012   Data   RW         4081    .data               ip.o
    0x1fff04b6   COMPRESSED   0x00000001   Data   RW         4199    .data               etharp.o
    0x1fff04b7   COMPRESSED   0x00000001   PAD
    0x1fff04b8   COMPRESSED   0x0000000c   Data   RW         4398    .data               cpuport.o
    0x1fff04c4   COMPRESSED   0x00000009   Data   RW         4490    .data               dmac_fm3.o
    0x1fff04cd   COMPRESSED   0x00000003   PAD
    0x1fff04d0   COMPRESSED   0x00000004   Data   RW         4660    .data               eth_driver.o
    0x1fff04d4   COMPRESSED   0x00000004   Data   RW         5154    .data               clock.o
    0x1fff04d8   COMPRESSED   0x00000004   Data   RW         5277    .data               idle.o
    0x1fff04dc   COMPRESSED   0x00000001   Data   RW         5589    .data               irq.o
    0x1fff04dd   COMPRESSED   0x00000003   PAD
    0x1fff04e0   COMPRESSED   0x00000008   Data   RW         5643    .data               kservice.o
    0x1fff04e8   COMPRESSED   0x00000020   Data   RW         5798    .data               mem.o
    0x1fff0508   COMPRESSED   0x000000a4   Data   RW         5943    .data               object.o
    0x1fff05ac   COMPRESSED   0x0000001c   Data   RW         6041    .data               scheduler.o
    0x1fff05c8   COMPRESSED   0x0000000c   Data   RW         6236    .data               timer.o
    0x1fff05d4   COMPRESSED   0x00000004   Data   RW         6360    .data               cmd.o
    0x1fff05d8   COMPRESSED   0x00000008   Data   RW         6492    .data               finsh_compiler.o
    0x1fff05e0   COMPRESSED   0x00000040   Data   RW         6541    .data               finsh_error.o
    0x1fff0620   COMPRESSED   0x00000008   Data   RW         6579    .data               finsh_heap.o
    0x1fff0628   COMPRESSED   0x00000004   Data   RW         7217    .data               finsh_var.o
    0x1fff062c   COMPRESSED   0x0000000c   Data   RW         7267    .data               finsh_vm.o
    0x1fff0638   COMPRESSED   0x00000004   Data   RW         7321    .data               shell.o
    0x1fff063c   COMPRESSED   0x00000010   Data   RW         7414    .data               symbol.o
    0x1fff064c        -       0x000024ac   Zero   RW          198    .bss                base_task.o
    0x1fff2af8        -       0x00000358   Zero   RW          316    .bss                eth_callee.o
    0x1fff2e50        -       0x00000020   Zero   RW          598    .bss                eth_server103.o
    0x1fff2e70        -       0x00003fec   Zero   RW          924    .bss                uart.o
    0x1fff6e5c        -       0x000052d0   Zero   RW         1264    .bss                rtdboperate.o
    0x1fffc12c        -       0x00001368   Zero   RW         1319    .bss                tcp_debug.o
    0x1fffd494        -       0x00000180   Zero   RW         2430    .bss                sockets.o
    0x1fffd614        -       0x00000663   Zero   RW         2963    .bss                dns.o
    0x1fffdc77   COMPRESSED   0x00000001   PAD
    0x1fffdc78        -       0x00000014   Zero   RW         3715    .bss                tcp_in.o
    0x1fffdc8c        -       0x00000010   Zero   RW         4130    .bss                ip_addr.o
    0x1fffdc9c        -       0x000000a0   Zero   RW         4196    .bss                etharp.o
    0x1fffdd3c        -       0x00000580   Zero   RW         4283    .bss                ethernetif.o
    0x1fffe2bc        -       0x00000020   Zero   RW         4489    .bss                dmac_fm3.o
    0x1fffe2dc        -       0x000024f8   Zero   RW         4658    .bss                eth_driver.o
    0x200007d4        -       0x00000080   Zero   RW         4936    .bss                fm3_ext_int_type2.o
    0x20000854        -       0x00000180   Zero   RW         5275    .bss                idle.o
    0x200009d4        -       0x00000080   Zero   RW         5641    .bss                kservice.o
    0x20000a54        -       0x00000020   Zero   RW         5795    .bss                mem.o
    0x20000a74        -       0x00000100   Zero   RW         6039    .bss                scheduler.o
    0x20000b74        -       0x00000080   Zero   RW         6578    .bss                finsh_heap.o
    0x20000bf4        -       0x00000140   Zero   RW         6667    .bss                finsh_node.o
    0x20000d34        -       0x000000c0   Zero   RW         7216    .bss                finsh_var.o
    0x20000df4        -       0x00000180   Zero   RW         7266    .bss                finsh_vm.o
    0x20000f74        -       0x00000480   Zero   RW         7319    .bss                shell.o
    0x200013f4        -       0x00000060   Zero   RW         7575    .bss                c_w.l(libspace.o)
    0x20001454   COMPRESSED   0x00000004   PAD
    0x20001458        -       0x00000000   Zero   RW         1822    HEAP                startup_mb9bf61x.o
    0x20001458        -       0x00000400   Zero   RW         1821    STACK               startup_mb9bf61x.o


    Execution Region RW_RAM1 (Exec base: 0x64000000, Load base: 0x00033df8, Size: 0x000496b0, Max: 0x00080000, ABSOLUTE, COMPRESSED[0x00000938])

    Exec Addr    Load Addr    Size         Type   Attr      Idx    E Section Name        Object

    0x64000000   COMPRESSED   0x000496b0   Data   RW         5129    EXRAM               sram_value.o


==============================================================================

Image component sizes


      Code (inc. data)   RO Data    RW Data    ZI Data      Debug   Object Name

      3104       1196          0          0          0      28383   api_lib.o
      6044       1774          0          0          0      26909   api_msg.o
       272         64          0          0          0    1293209   application.o
       800        160          0        414       9388      29041   base_task.o
       296         26          0          0          0      25544   board.o
        72         16          0          4          0       1711   clock.o
      9612       1138          0          0          0      13686   cmcfgfunc.o
      2716       1242       1005          4          0      17359   cmd.o
       212         20          0          0          0        680   context_rvds.o
       434        182          0         12          0       2154   cpuport.o
        56          8        512          0          0       1162   crc.o
        62          0          0          0          0       1940   def.o
      1268        550        168          0          0       8835   device.o
      2466        224          0          9         32      32626   dmac_fm3.o
      1564        302          0         20       1635       9108   dns.o
      1808        122         51         15          0       9384   e2timewdg.o
      5838        362          0         72        856    1282478   eth_callee.o
      3232        502        163          4       9464      78685   eth_driver.o
     12120       1610        208          0         32      61870   eth_server103.o
      3344        778         80          1        160      12477   etharp.o
      2814       1020        262          0       1408      24973   ethernetif.o
      6138        158          0          8          0      11302   finsh_compiler.o
        56         22        243         64          0       2551   finsh_error.o
       552         42          0          8        128       5611   finsh_heap.o
        64          6          0          0          0       1980   finsh_init.o
       392          8          0          0        320       5642   finsh_node.o
      3034        294        196          0          0      24042   finsh_ops.o
      2418         32          0          0          0      15807   finsh_parser.o
      1556         16        126          0          0       9478   finsh_token.o
       296         32          0          4        192       7582   finsh_var.o
       176         36          0         12        384       6831   finsh_vm.o
       762         56          0          0          0    1260150   fm3_emac.o
       714        108          0          0        128      31258   fm3_ext_int_type2.o
      1082        372          0          0          0       3101   icmp.o
       352        106         22          4        384       3386   idle.o
       200          0          0          0          0       2497   inet_chksum.o
        48          6         92          0          0      14492   init.o
      2456       1012        230         18          0       7602   ip.o
       710         64          8          0         16      10200   ip_addr.o
      4584       1240        454          0          0      31989   ipc.o
        84         18          0          1          0       1790   irq.o
      1730        174         34          8        128      10593   kservice.o
      2200        792        358         32         32       6900   mem.o
       140         16        184         58          0       3231   memp.o
     19340        646          0         60          0      12403   modbus600.o
     19252        646          0         42          0      10498   modbus611.o
     19252        646          0         34          0      10060   modbushfna2s.o
       300        126          0          0          0       3071   netbuf.o
         0          0          0          0          0        840   netdb.o
       566         82          0          9          0      16477   netif.o
       146         12          0          0          0       4238   netifapi.o
        16          0          0          0          0       1878   nouse_protocol.o
       824        318         94        164          0       6589   object.o
      3358       1164          0          1          0       9153   pbuf.o
       304         58          0          0          0        919   ports_init.o
       536         98          0          4          0       4989   raw.o
      1164         96          0          5      21200       4877   rtdboperate.o
      1134        352        334         28        256       6919   scheduler.o
      1866        370         77          4       1152       9966   shell.o
      5476        810         64          8        384      30194   sockets.o
       692        142          0     300720          0       3445   sram_value.o
        94         18          0          0          0       4861   startup.o
        60         22        256          0       1024        852   startup_mb9bf61x.o
         0          0          0         16          0       4153   symbol.o
      2346        968        179          6          0      19510   sys_arch.o
       256         32          0          8          0        947   system_mb9bf61x.o
      6154       2182        265         32          0      30434   tcp.o
      2754        152          0        166       4968      21220   tcp_debug.o
      8172       1514          0         32         20      17471   tcp_in.o
      6770       2302        301          0          0      14847   tcp_out.o
       796        194          0         12          0      16034   tcpip.o
      1960        662        170          0          0      11628   thread.o
       986        286         92         12          0       9063   timer.o
       724        168          0          8          0       6383   timers.o
      6380       1022          0        167      16364      51652   uart.o
      1412        226          0          4          0       8702   udp.o

    ----------------------------------------------------------------------
    201056      31220       6302     302332      70056    4794502   Object Totals
         0          0         48          0          0          0   (incl. Generated)
        88          0         26         18          1          0   (incl. Padding)

    ----------------------------------------------------------------------

      Code (inc. data)   RO Data    RW Data    ZI Data      Debug   Library Member Name

        60          8          0          0          0         84   __0sscanf.o
        90          0          0          0          0          0   __dczerorl2.o
         8          0          0          0          0         68   __main.o
       104          0          0          0          0         84   __printf.o
         0          0          0          0          0          0   __rtentry.o
        12          0          0          0          0          0   __rtentry2.o
         6          0          0          0          0          0   __rtentry4.o
        52          8          0          0          0          0   __scatter.o
        28          0          0          0          0          0   __scatter_zi.o
        28          0          0          0          0         68   _chval.o
        48          6          0          0          0         96   _printf_char_common.o
         6          0          0          0          0          0   _printf_d.o
       120         16          0          0          0         92   _printf_dec.o
       178          0          0          0          0         88   _printf_intcommon.o
         0          0          0          0          0          0   _printf_percent.o
         4          0          0          0          0          0   _printf_percent_end.o
       884          6          0          0          0        100   _scanf.o
       332          0          0          0          0         96   _scanf_int.o
        64          0          0          0          0         84   _sgetc.o
        10          0          0          0          0         68   _sputc.o
       158          0          0          0          0         92   _strtoul.o
        26          0          0          0          0         80   atoi.o
        18          0          0          0          0         80   exit.o
         6          0          0          0          0        152   heapauxi.o
         0          0          0          0          0          0   indicate_semi.o
        18          0          0          0          0         76   isspace.o
        44         10        272          0          0         76   lc_ctype_c.o
         2          0          0          0          0          0   libinit.o
        20          0          0          0          0          0   libinit2.o
         2          0          0          0          0          0   libshutdown.o
         2          0          0          0          0          0   libshutdown2.o
         8          4          0          0         96         68   libspace.o
        40          6          0          0          0         84   noretval__2sprintf.o
        16          4          0          0          0         76   rt_ctype_table.o
         8          4          0          0          0         68   rt_errno_addr_intlibspace.o
         8          4          0          0          0         68   rt_locale_intlibspace.o
        68          0          0          0          0         68   rt_memclr.o
        78          0          0          0          0         80   rt_memclr_w.o
       138          0          0          0          0         68   rt_memcpy_v6.o
       100          0          0          0          0         80   rt_memcpy_w.o
         2          0          0          0          0          0   rtexit.o
        10          0          0          0          0          0   rtexit2.o
        44          8          0          0          0         84   scanf_char.o
        72          0          0          0          0         80   strcpy.o
        32          0          0          0          0         80   strcspn.o
        62          0          0          0          0         76   strlen.o
       150          0          0          0          0         80   strncmp.o
        86          0          0          0          0         76   strncpy.o
        28          0          0          0          0         80   strspn.o
        36          0          0          0          0         80   strstr.o
        68          4          0          0          0         84   strtok_int.o
         4          0          0          0          0         68   strtok_r.o
       112          0          0          0          0         88   strtol.o
        12          4          0          0          0         68   sys_exit.o
        74          0          0          0          0         80   sys_stackheap_outer.o
         2          0          0          0          0         68   use_no_semi.o
        98          4          0          0          0         92   d2f.o
       688        140          0          0          0        208   ddiv.o
       156          4          0          0          0         92   dnaninf.o
        12          0          0          0          0         68   dretinf.o
        86          4          0          0          0         84   f2d.o
        48          0          0          0          0         68   fflt_clz.o
       140          4          0          0          0         84   fnaninf.o
        10          0          0          0          0         68   fretinf.o
         0          0          0          0          0          0   usenofp.o

    ----------------------------------------------------------------------
      4842        248        272          0        100       4000   Library Totals
        16          0          0          0          4          0   (incl. Padding)

    ----------------------------------------------------------------------

      Code (inc. data)   RO Data    RW Data    ZI Data      Debug   Library Name

      3588         92        272          0         96       3236   c_w.l
      1238        156          0          0          0        764   fz_ws.l

    ----------------------------------------------------------------------
      4842        248        272          0        100       4000   Library Totals

    ----------------------------------------------------------------------

==============================================================================


      Code (inc. data)   RO Data    RW Data    ZI Data      Debug   

    205898      31468       6574     302332      70156    4756950   Grand Totals
    205898      31468       6574       3008      70156    4756950   ELF Image Totals (compressed)
    205898      31468       6574       3008          0          0   ROM Totals

==============================================================================

    Total RO  Size (Code + RO Data)               212472 ( 207.49kB)
    Total RW  Size (RW Data + ZI Data)            372488 ( 363.76kB)
    Total ROM Size (Code + RO Data + RW Data)     215480 ( 210.43kB)

==============================================================================

